[DEBUG 2026-07-22 17:59:39] GUI scan_files triggered
[DEBUG 2026-07-22 17:59:43] GUI start_build called: output_path=c:\Users\devil\Documents\GitHub\FPV_Gamification_Pico\firmware.nbo
[DEBUG 2026-07-22 17:59:43] GUI build_worker start: output_path=c:\Users\devil\Documents\GitHub\FPV_Gamification_Pico\firmware.nbo
[DEBUG 2026-07-22 17:59:43] build_bundle start: source_dir=c:\Users\devil\Documents\GitHub\FPV_Gamification_Pico output_path=c:\Users\devil\Documents\GitHub\FPV_Gamification_Pico\firmware.nbo
[DEBUG 2026-07-22 17:59:43] build_bundle done: included=11 total_bytes=162347
[DEBUG 2026-07-22 17:59:51] GUI start_serial_upload called: bundle_path=c:\Users\devil\Documents\GitHub\FPV_Gamification_Pico\firmware.nbo
[DEBUG 2026-07-22 17:59:51] GUI serial_upload_worker start: bundle_path=c:\Users\devil\Documents\GitHub\FPV_Gamification_Pico\firmware.nbo
[DEBUG 2026-07-22 17:59:51] upload_bundle_via_serial start: bundle_path=c:\Users\devil\Documents\GitHub\FPV_Gamification_Pico\firmware.nbo
[DEBUG 2026-07-22 17:59:51] mpremote candidate test: C:\Users\devil\AppData\Local\Microsoft\WindowsApps\PythonSoftwareFoundation.Python.3.12_qbz5n2kfra8p0\python.exe -m mpremote
[DEBUG 2026-07-22 17:59:52] mpremote command selected: C:\Users\devil\AppData\Local\Microsoft\WindowsApps\PythonSoftwareFoundation.Python.3.12_qbz5n2kfra8p0\python.exe -m mpremote
[DEBUG 2026-07-22 17:59:52] auto_detect_pico_ports start
[DEBUG 2026-07-22 17:59:52] mpremote run: C:\Users\devil\AppData\Local\Microsoft\WindowsApps\PythonSoftwareFoundation.Python.3.12_qbz5n2kfra8p0\python.exe -m mpremote connect list timeout=15
[DEBUG 2026-07-22 17:59:52] mpremote ok: C:\Users\devil\AppData\Local\Microsoft\WindowsApps\PythonSoftwareFoundation.Python.3.12_qbz5n2kfra8p0\python.exe -m mpremote connect list stdout=COM3 None 0000:0000 Microsoft None
COM4 None 0000:0000 Microsoft None
COM5 None 0000:0000 Microsoft None
COM6 None 0000:0000 Microsoft None
COM7 None 0000:0000 Microsoft None
COM8 None 0000:0000 Microsoft None
COM11 E66141024B63C436 2e8a:0005 Microsoft None
 stderr=
[DEBUG 2026-07-22 17:59:52] system serial ports: ['COM4', 'COM3', 'COM5', 'COM6', 'COM7', 'COM8', 'COM11']
[DEBUG 2026-07-22 17:59:52] auto_detect_pico_ports result: ['COM11', 'COM3', 'COM4', 'COM5', 'COM6', 'COM7', 'COM8']
[DEBUG 2026-07-22 17:59:52] probe port start: COM11
[DEBUG 2026-07-22 17:59:52] mpremote run: C:\Users\devil\AppData\Local\Microsoft\WindowsApps\PythonSoftwareFoundation.Python.3.12_qbz5n2kfra8p0\python.exe -m mpremote connect COM11 exec print('PICO_OK') timeout=8
[DEBUG 2026-07-22 17:59:52] mpremote ok: C:\Users\devil\AppData\Local\Microsoft\WindowsApps\PythonSoftwareFoundation.Python.3.12_qbz5n2kfra8p0\python.exe -m mpremote connect COM11 exec print('PICO_OK') stdout=PICO_OK
 stderr=
[DEBUG 2026-07-22 17:59:52] probe port result: COM11 ok=True
[DEBUG 2026-07-22 17:59:52] probe selected port: COM11
[DEBUG 2026-07-22 17:59:52] mpremote run: C:\Users\devil\AppData\Local\Microsoft\WindowsApps\PythonSoftwareFoundation.Python.3.12_qbz5n2kfra8p0\python.exe -m mpremote connect COM11 cp c:\Users\devil\Documents\GitHub\FPV_Gamification_Pico\firmware.nbo :firmware.nbo timeout=240
[DEBUG 2026-07-22 18:00:04] mpremote ok: C:\Users\devil\AppData\Local\Microsoft\WindowsApps\PythonSoftwareFoundation.Python.3.12_qbz5n2kfra8p0\python.exe -m mpremote connect COM11 cp c:\Users\devil\Documents\GitHub\FPV_Gamification_Pico\firmware.nbo :firmware.nbo stdout=cp c:\Users\devil\Documents\GitHub\FPV_Gamification_Pico\firmware.nbo :firmware.nbo
 stderr=
[DEBUG 2026-07-22 18:00:04] bundle copied to COM11 at :firmware.nbo
[DEBUG 2026-07-22 18:00:04] auto_detect_pico_ports start
[DEBUG 2026-07-22 18:00:04] mpremote run: C:\Users\devil\AppData\Local\Microsoft\WindowsApps\PythonSoftwareFoundation.Python.3.12_qbz5n2kfra8p0\python.exe -m mpremote connect list timeout=15
[DEBUG 2026-07-22 18:00:04] mpremote ok: C:\Users\devil\AppData\Local\Microsoft\WindowsApps\PythonSoftwareFoundation.Python.3.12_qbz5n2kfra8p0\python.exe -m mpremote connect list stdout=COM3 None 0000:0000 Microsoft None
COM4 None 0000:0000 Microsoft None
COM5 None 0000:0000 Microsoft None
COM6 None 0000:0000 Microsoft None
COM7 None 0000:0000 Microsoft None
COM8 None 0000:0000 Microsoft None
COM11 E66141024B63C436 2e8a:0005 Microsoft None
 stderr=
[DEBUG 2026-07-22 18:00:04] system serial ports: ['COM4', 'COM3', 'COM5', 'COM6', 'COM7', 'COM8', 'COM11']
[DEBUG 2026-07-22 18:00:04] auto_detect_pico_ports result: ['COM11', 'COM3', 'COM4', 'COM5', 'COM6', 'COM7', 'COM8']
[DEBUG 2026-07-22 18:00:04] mpremote run: C:\Users\devil\AppData\Local\Microsoft\WindowsApps\PythonSoftwareFoundation.Python.3.12_qbz5n2kfra8p0\python.exe -m mpremote connect COM11 run C:\Users\devil\AppData\Local\Temp\tmpwoue0z58.py timeout=180
[DEBUG 2026-07-22 18:00:07] mpremote error: C:\Users\devil\AppData\Local\Microsoft\WindowsApps\PythonSoftwareFoundation.Python.3.12_qbz5n2kfra8p0\python.exe -m mpremote connect COM11 run C:\Users\devil\AppData\Local\Temp\tmpwoue0z58.py rc=1 raw=Traceback (most recent call last):
  File "<frozen runpy>", line 198, in _run_module_as_main
  File "<frozen runpy>", line 88, in _run_code
  File "C:\Users\devil\AppData\Local\Packages\PythonSoftwareFoundation.Python.3.12_qbz5n2kfra8p0\LocalCache\local-packages\Python312\site-packages\mpremote\__main__.py", line 6, in <module>
    sys.exit(main.main())
             ^^^^^^^^^^^
  File "C:\Users\devil\AppData\Local\Packages\PythonSoftwareFoundation.Python.3.12_qbz5n2kfra8p0\LocalCache\local-packages\Python312\site-packages\mpremote\main.py", line 614, in main
    handler_func(state, args)
  File "C:\Users\devil\AppData\Local\Packages\PythonSoftwareFoundation.Python.3.12_qbz5n2kfra8p0\LocalCache\local-packages\Python312\site-packages\mpremote\commands.py", line 515, in do_run
    _do_execbuffer(state, buf, args.follow)
  File "C:\Users\devil\AppData\Local\Packages\PythonSoftwareFoundation.Python.3.12_qbz5n2kfra8p0\LocalCache\local-packages\Python312\site-packages\mpremote\commands.py", line 489, in _do_execbuffer
    ret, ret_err = state.transport.follow(timeout=None, data_consumer=stdout_write_bytes)
                   ^^^^^^^^^^^^^^^^^^^^^^^^^^^^^^^^^^^^^^^^^^^^^^^^^^^^^^^^^^^^^^^^^^^^^^
  File "C:\Users\devil\AppData\Local\Packages\PythonSoftwareFoundation.Python.3.12_qbz5n2kfra8p0\LocalCache\local-packages\Python312\site-packages\mpremote\transport_serial.py", line 204, in follow
    data = self.read_until(1, b"\x04", timeout=timeout, data_consumer=data_consumer)
           ^^^^^^^^^^^^^^^^^^^^^^^^^^^^^^^^^^^^^^^^^^^^^^^^^^^^^^^^^^^^^^^^^^^^^^^^^
  File "C:\Users\devil\AppData\Local\Packages\PythonSoftwareFoundation.Python.3.12_qbz5n2kfra8p0\LocalCache\local-packages\Python312\site-packages\mpremote\transport_serial.py", line 143, in read_until
    elif self.serial.inWaiting() > 0:
         ^^^^^^^^^^^^^^^^^^^^^^^
  File "C:\Users\devil\AppData\Local\Packages\PythonSoftwareFoundation.Python.3.12_qbz5n2kfra8p0\LocalCache\local-packages\Python312\site-packages\seria...<truncated>
[DEBUG 2026-07-22 18:00:07] unpack failed on COM11: Serieller COM-Port ist blockiert oder kein gueltiger Pico-Port. Bitte Thonny/Serial-Monitor schliessen, USB kurz neu verbinden und erneut versuchen.
[DEBUG 2026-07-22 18:00:07] mpremote run: C:\Users\devil\AppData\Local\Microsoft\WindowsApps\PythonSoftwareFoundation.Python.3.12_qbz5n2kfra8p0\python.exe -m mpremote connect COM3 run C:\Users\devil\AppData\Local\Temp\tmpwoue0z58.py timeout=180
[DEBUG 2026-07-22 18:00:07] mpremote error: C:\Users\devil\AppData\Local\Microsoft\WindowsApps\PythonSoftwareFoundation.Python.3.12_qbz5n2kfra8p0\python.exe -m mpremote connect COM3 run C:\Users\devil\AppData\Local\Temp\tmpwoue0z58.py rc=1 raw=mpremote: failed to access COM3 (it may be in use by another program)
[DEBUG 2026-07-22 18:00:07] unpack failed on COM3: mpremote: failed to access COM3 (it may be in use by another program)
[DEBUG 2026-07-22 18:00:07] mpremote run: C:\Users\devil\AppData\Local\Microsoft\WindowsApps\PythonSoftwareFoundation.Python.3.12_qbz5n2kfra8p0\python.exe -m mpremote connect COM4 run C:\Users\devil\AppData\Local\Temp\tmpwoue0z58.py timeout=180
[DEBUG 2026-07-22 18:00:19] mpremote error: C:\Users\devil\AppData\Local\Microsoft\WindowsApps\PythonSoftwareFoundation.Python.3.12_qbz5n2kfra8p0\python.exe -m mpremote connect COM4 run C:\Users\devil\AppData\Local\Temp\tmpwoue0z58.py rc=1 raw=Traceback (most recent call last):
  File "<frozen runpy>", line 198, in _run_module_as_main
  File "<frozen runpy>", line 88, in _run_code
  File "C:\Users\devil\AppData\Local\Packages\PythonSoftwareFoundation.Python.3.12_qbz5n2kfra8p0\LocalCache\local-packages\Python312\site-packages\mpremote\__main__.py", line 6, in <module>
    sys.exit(main.main())
             ^^^^^^^^^^^
  File "C:\Users\devil\AppData\Local\Packages\PythonSoftwareFoundation.Python.3.12_qbz5n2kfra8p0\LocalCache\local-packages\Python312\site-packages\mpremote\main.py", line 614, in main
    handler_func(state, args)
  File "C:\Users\devil\AppData\Local\Packages\PythonSoftwareFoundation.Python.3.12_qbz5n2kfra8p0\LocalCache\local-packages\Python312\site-packages\mpremote\commands.py", line 515, in do_run
    _do_execbuffer(state, buf, args.follow)
  File "C:\Users\devil\AppData\Local\Packages\PythonSoftwareFoundation.Python.3.12_qbz5n2kfra8p0\LocalCache\local-packages\Python312\site-packages\mpremote\commands.py", line 483, in _do_execbuffer
    state.ensure_raw_repl()
  File "C:\Users\devil\AppData\Local\Packages\PythonSoftwareFoundation.Python.3.12_qbz5n2kfra8p0\LocalCache\local-packages\Python312\site-packages\mpremote\main.py", line 551, in ensure_raw_repl
    self.transport.enter_raw_repl(soft_reset=soft_reset)
  File "C:\Users\devil\AppData\Local\Packages\PythonSoftwareFoundation.Python.3.12_qbz5n2kfra8p0\LocalCache\local-packages\Python312\site-packages\mpremote\transport_serial.py", line 179, in enter_raw_repl
    raise TransportError("could not enter raw repl")
mpremote.transport.TransportError: could not enter raw repl
[DEBUG 2026-07-22 18:00:19] unpack failed on COM4:     handler_func(state, args)
  File "C:\Users\devil\AppData\Local\Packages\PythonSoftwareFoundation.Python.3.12_qbz5n2kfra8p0\LocalCache\local-packages\Python312\site-packages\mpremote\commands.py", line 515, in do_run
    _do_execbuffer(state, buf, args.follow)
  File "C:\Users\devil\AppData\Local\Packages\PythonSoftwareFoundation.Python.3.12_qbz5n2kfra8p0\LocalCache\local-packages\Python312\site-packages\mpremote\commands.py", line 483, in _do_execbuffer
    state.ensure_raw_repl()
  File "C:\Users\devil\AppData\Local\Packages\PythonSoftwareFoundation.Python.3.12_qbz5n2kfra8p0\LocalCache\local-packages\Python312\site-packages\mpremote\main.py", line 551, in ensure_raw_repl
    self.transport.enter_raw_repl(soft_reset=soft_reset)
  File "C:\Users\devil\AppData\Local\Packages\PythonSoftwa...<truncated>
[DEBUG 2026-07-22 18:00:19] mpremote run: C:\Users\devil\AppData\Local\Microsoft\WindowsApps\PythonSoftwareFoundation.Python.3.12_qbz5n2kfra8p0\python.exe -m mpremote connect COM5 run C:\Users\devil\AppData\Local\Temp\tmpwoue0z58.py timeout=180
[DEBUG 2026-07-22 18:00:20] mpremote error: C:\Users\devil\AppData\Local\Microsoft\WindowsApps\PythonSoftwareFoundation.Python.3.12_qbz5n2kfra8p0\python.exe -m mpremote connect COM5 run C:\Users\devil\AppData\Local\Temp\tmpwoue0z58.py rc=1 raw=mpremote: failed to access COM5 (it may be in use by another program)
[DEBUG 2026-07-22 18:00:20] unpack failed on COM5: mpremote: failed to access COM5 (it may be in use by another program)
[DEBUG 2026-07-22 18:00:20] mpremote run: C:\Users\devil\AppData\Local\Microsoft\WindowsApps\PythonSoftwareFoundation.Python.3.12_qbz5n2kfra8p0\python.exe -m mpremote connect COM6 run C:\Users\devil\AppData\Local\Temp\tmpwoue0z58.py timeout=180
[DEBUG 2026-07-22 18:00:25] mpremote error: C:\Users\devil\AppData\Local\Microsoft\WindowsApps\PythonSoftwareFoundation.Python.3.12_qbz5n2kfra8p0\python.exe -m mpremote connect COM6 run C:\Users\devil\AppData\Local\Temp\tmpwoue0z58.py rc=1 raw=mpremote: failed to access COM6 (it may be in use by another program)
[DEBUG 2026-07-22 18:00:25] unpack failed on COM6: mpremote: failed to access COM6 (it may be in use by another program)
[DEBUG 2026-07-22 18:00:25] mpremote run: C:\Users\devil\AppData\Local\Microsoft\WindowsApps\PythonSoftwareFoundation.Python.3.12_qbz5n2kfra8p0\python.exe -m mpremote connect COM7 run C:\Users\devil\AppData\Local\Temp\tmpwoue0z58.py timeout=180
[DEBUG 2026-07-22 18:00:25] mpremote error: C:\Users\devil\AppData\Local\Microsoft\WindowsApps\PythonSoftwareFoundation.Python.3.12_qbz5n2kfra8p0\python.exe -m mpremote connect COM7 run C:\Users\devil\AppData\Local\Temp\tmpwoue0z58.py rc=1 raw=mpremote: failed to access COM7 (it may be in use by another program)
[DEBUG 2026-07-22 18:00:25] unpack failed on COM7: mpremote: failed to access COM7 (it may be in use by another program)
[DEBUG 2026-07-22 18:00:25] mpremote run: C:\Users\devil\AppData\Local\Microsoft\WindowsApps\PythonSoftwareFoundation.Python.3.12_qbz5n2kfra8p0\python.exe -m mpremote connect COM8 run C:\Users\devil\AppData\Local\Temp\tmpwoue0z58.py timeout=180
[DEBUG 2026-07-22 18:00:31] mpremote error: C:\Users\devil\AppData\Local\Microsoft\WindowsApps\PythonSoftwareFoundation.Python.3.12_qbz5n2kfra8p0\python.exe -m mpremote connect COM8 run C:\Users\devil\AppData\Local\Temp\tmpwoue0z58.py rc=1 raw=mpremote: failed to access COM8 (it may be in use by another program)
[DEBUG 2026-07-22 18:00:31] unpack failed on COM8: mpremote: failed to access COM8 (it may be in use by another program)
[DEBUG 2026-07-22 18:00:31] GUI serial_upload_worker failed: Entpacken auf dem Pico fehlgeschlagen. Getestete Ports: COM11, COM3, COM4, COM5, COM6, COM7, COM8. Letzter Fehler: mpremote: failed to access COM8 (it may be in use by another program)
[DEBUG 2026-07-22 18:01:36] GUI scan_files triggered
[DEBUG 2026-07-22 18:02:11] GUI start_serial_upload called: bundle_path=c:\Users\devil\Documents\GitHub\FPV_Gamification_Pico\firmware.nbo
[DEBUG 2026-07-22 18:02:11] GUI serial_upload_worker start: bundle_path=c:\Users\devil\Documents\GitHub\FPV_Gamification_Pico\firmware.nbo
[DEBUG 2026-07-22 18:02:11] upload_bundle_via_serial start: bundle_path=c:\Users\devil\Documents\GitHub\FPV_Gamification_Pico\firmware.nbo
[DEBUG 2026-07-22 18:02:11] mpremote candidate test: C:\Users\devil\AppData\Local\Microsoft\WindowsApps\PythonSoftwareFoundation.Python.3.12_qbz5n2kfra8p0\python.exe -m mpremote
[DEBUG 2026-07-22 18:02:12] mpremote command selected: C:\Users\devil\AppData\Local\Microsoft\WindowsApps\PythonSoftwareFoundation.Python.3.12_qbz5n2kfra8p0\python.exe -m mpremote
[DEBUG 2026-07-22 18:02:12] auto_detect_pico_ports start
[DEBUG 2026-07-22 18:02:12] mpremote run: C:\Users\devil\AppData\Local\Microsoft\WindowsApps\PythonSoftwareFoundation.Python.3.12_qbz5n2kfra8p0\python.exe -m mpremote connect list timeout=15
[DEBUG 2026-07-22 18:02:12] mpremote ok: C:\Users\devil\AppData\Local\Microsoft\WindowsApps\PythonSoftwareFoundation.Python.3.12_qbz5n2kfra8p0\python.exe -m mpremote connect list stdout=COM3 None 0000:0000 Microsoft None
COM4 None 0000:0000 Microsoft None
COM5 None 0000:0000 Microsoft None
COM6 None 0000:0000 Microsoft None
COM7 None 0000:0000 Microsoft None
COM8 None 0000:0000 Microsoft None
COM11 E66141024B63C436 2e8a:0005 Microsoft None
 stderr=
[DEBUG 2026-07-22 18:02:12] system serial ports: ['COM4', 'COM3', 'COM5', 'COM6', 'COM7', 'COM8', 'COM11']
[DEBUG 2026-07-22 18:02:12] auto_detect_pico_ports result: ['COM11', 'COM3', 'COM4', 'COM5', 'COM6', 'COM7', 'COM8']
[DEBUG 2026-07-22 18:02:12] probe port start: COM11
[DEBUG 2026-07-22 18:02:12] mpremote run: C:\Users\devil\AppData\Local\Microsoft\WindowsApps\PythonSoftwareFoundation.Python.3.12_qbz5n2kfra8p0\python.exe -m mpremote connect COM11 exec print('PICO_OK') timeout=8
[DEBUG 2026-07-22 18:02:12] mpremote ok: C:\Users\devil\AppData\Local\Microsoft\WindowsApps\PythonSoftwareFoundation.Python.3.12_qbz5n2kfra8p0\python.exe -m mpremote connect COM11 exec print('PICO_OK') stdout=PICO_OK
 stderr=
[DEBUG 2026-07-22 18:02:12] probe port result: COM11 ok=True
[DEBUG 2026-07-22 18:02:12] probe selected port: COM11
[DEBUG 2026-07-22 18:02:12] mpremote run: C:\Users\devil\AppData\Local\Microsoft\WindowsApps\PythonSoftwareFoundation.Python.3.12_qbz5n2kfra8p0\python.exe -m mpremote connect COM11 cp c:\Users\devil\Documents\GitHub\FPV_Gamification_Pico\firmware.nbo :firmware.nbo timeout=240
[DEBUG 2026-07-22 18:02:23] mpremote ok: C:\Users\devil\AppData\Local\Microsoft\WindowsApps\PythonSoftwareFoundation.Python.3.12_qbz5n2kfra8p0\python.exe -m mpremote connect COM11 cp c:\Users\devil\Documents\GitHub\FPV_Gamification_Pico\firmware.nbo :firmware.nbo stdout=cp c:\Users\devil\Documents\GitHub\FPV_Gamification_Pico\firmware.nbo :firmware.nbo
 stderr=
[DEBUG 2026-07-22 18:02:23] bundle copied to COM11 at :firmware.nbo
[DEBUG 2026-07-22 18:02:23] auto_detect_pico_ports start
[DEBUG 2026-07-22 18:02:23] mpremote run: C:\Users\devil\AppData\Local\Microsoft\WindowsApps\PythonSoftwareFoundation.Python.3.12_qbz5n2kfra8p0\python.exe -m mpremote connect list timeout=15
[DEBUG 2026-07-22 18:02:23] mpremote ok: C:\Users\devil\AppData\Local\Microsoft\WindowsApps\PythonSoftwareFoundation.Python.3.12_qbz5n2kfra8p0\python.exe -m mpremote connect list stdout=COM3 None 0000:0000 Microsoft None
COM4 None 0000:0000 Microsoft None
COM5 None 0000:0000 Microsoft None
COM6 None 0000:0000 Microsoft None
COM7 None 0000:0000 Microsoft None
COM8 None 0000:0000 Microsoft None
COM11 E66141024B63C436 2e8a:0005 Microsoft None
 stderr=
[DEBUG 2026-07-22 18:02:23] system serial ports: ['COM4', 'COM3', 'COM5', 'COM6', 'COM7', 'COM8', 'COM11']
[DEBUG 2026-07-22 18:02:23] auto_detect_pico_ports result: ['COM11', 'COM3', 'COM4', 'COM5', 'COM6', 'COM7', 'COM8']
[DEBUG 2026-07-22 18:02:23] mpremote run: C:\Users\devil\AppData\Local\Microsoft\WindowsApps\PythonSoftwareFoundation.Python.3.12_qbz5n2kfra8p0\python.exe -m mpremote connect COM11 soft-reset timeout=20
[DEBUG 2026-07-22 18:02:23] mpremote ok: C:\Users\devil\AppData\Local\Microsoft\WindowsApps\PythonSoftwareFoundation.Python.3.12_qbz5n2kfra8p0\python.exe -m mpremote connect COM11 soft-reset stdout= stderr=
[DEBUG 2026-07-22 18:02:23] mpremote run: C:\Users\devil\AppData\Local\Microsoft\WindowsApps\PythonSoftwareFoundation.Python.3.12_qbz5n2kfra8p0\python.exe -m mpremote connect COM11 run C:\Users\devil\AppData\Local\Temp\tmp67x2rw_f.py timeout=240
[DEBUG 2026-07-22 18:02:26] mpremote ok: C:\Users\devil\AppData\Local\Microsoft\WindowsApps\PythonSoftwareFoundation.Python.3.12_qbz5n2kfra8p0\python.exe -m mpremote connect COM11 run C:\Users\devil\AppData\Local\Temp\tmp67x2rw_f.py stdout=SERIAL_APPLY_OK:boot.py,recovery.py,hotspot_common.py,boot_runtime.py,main.py,index.html,admin_dashboard.html,admin_update.html,admin_simulate.html,admin_profiles.html,admin_system.html
SERIAL_NEEDS_RESTART:1
 stderr=
[DEBUG 2026-07-22 18:02:26] unpack succeeded on COM11
[DEBUG 2026-07-22 18:02:26] triggering post-unpack reset on COM11
[DEBUG 2026-07-22 18:02:26] mpremote run: C:\Users\devil\AppData\Local\Microsoft\WindowsApps\PythonSoftwareFoundation.Python.3.12_qbz5n2kfra8p0\python.exe -m mpremote connect COM11 exec import machine; machine.reset() timeout=20
[DEBUG 2026-07-22 18:02:36] mpremote error: C:\Users\devil\AppData\Local\Microsoft\WindowsApps\PythonSoftwareFoundation.Python.3.12_qbz5n2kfra8p0\python.exe -m mpremote connect COM11 exec import machine; machine.reset() rc=1 raw=Traceback (most recent call last):
  File "<frozen runpy>", line 198, in _run_module_as_main
  File "<frozen runpy>", line 88, in _run_code
  File "C:\Users\devil\AppData\Local\Packages\PythonSoftwareFoundation.Python.3.12_qbz5n2kfra8p0\LocalCache\local-packages\Python312\site-packages\mpremote\__main__.py", line 6, in <module>
    sys.exit(main.main())
             ^^^^^^^^^^^
  File "C:\Users\devil\AppData\Local\Packages\PythonSoftwareFoundation.Python.3.12_qbz5n2kfra8p0\LocalCache\local-packages\Python312\site-packages\mpremote\main.py", line 614, in main
    handler_func(state, args)
  File "C:\Users\devil\AppData\Local\Packages\PythonSoftwareFoundation.Python.3.12_qbz5n2kfra8p0\LocalCache\local-packages\Python312\site-packages\mpremote\commands.py", line 500, in do_exec
    _do_execbuffer(state, args.expr[0], args.follow)
  File "C:\Users\devil\AppData\Local\Packages\PythonSoftwareFoundation.Python.3.12_qbz5n2kfra8p0\LocalCache\local-packages\Python312\site-packages\mpremote\commands.py", line 483, in _do_execbuffer
    state.ensure_raw_repl()
  File "C:\Users\devil\AppData\Local\Packages\PythonSoftwareFoundation.Python.3.12_qbz5n2kfra8p0\LocalCache\local-packages\Python312\site-packages\mpremote\main.py", line 551, in ensure_raw_repl
    self.transport.enter_raw_repl(soft_reset=soft_reset)
  File "C:\Users\devil\AppData\Local\Packages\PythonSoftwareFoundation.Python.3.12_qbz5n2kfra8p0\LocalCache\local-packages\Python312\site-packages\mpremote\transport_serial.py", line 194, in enter_raw_repl
    raise TransportError("could not enter raw repl")
mpremote.transport.TransportError: could not enter raw repl
[DEBUG 2026-07-22 18:02:36] post-unpack reset connection ended on COM11:     handler_func(state, args)
  File "C:\Users\devil\AppData\Local\Packages\PythonSoftwareFoundation.Python.3.12_qbz5n2kfra8p0\LocalCache\local-packages\Python312\site-packages\mpremote\commands.py", line 500, in do_exec
    _do_execbuffer(state, args.expr[0], args.follow)
  File "C:\Users\devil\AppData\Local\Packages\PythonSoftwareFoundation.Python.3.12_qbz5n2kfra8p0\LocalCache\local-packages\Python312\site-packages\mpremote\commands.py", line 483, in _do_execbuffer
    state.ensure_raw_repl()
  File "C:\Users\devil\AppData\Local\Packages\PythonSoftwareFoundation.Python.3.12_qbz5n2kfra8p0\LocalCache\local-packages\Python312\site-packages\mpremote\main.py", line 551, in ensure_raw_repl
    self.transport.enter_raw_repl(soft_reset=soft_reset)
  File "C:\Users\devil\AppData\Local\Packages\Py...<truncated>
[DEBUG 2026-07-22 18:02:37] upload_bundle_via_serial done: port=COM11
[DEBUG 2026-07-22 18:12:43] GUI start_serial_upload called: bundle_path=c:\Users\devil\Documents\GitHub\FPV_Gamification_Pico\firmware.nbo
[DEBUG 2026-07-22 18:12:43] GUI serial_upload_worker start: bundle_path=c:\Users\devil\Documents\GitHub\FPV_Gamification_Pico\firmware.nbo
[DEBUG 2026-07-22 18:12:43] upload_bundle_via_serial start: bundle_path=c:\Users\devil\Documents\GitHub\FPV_Gamification_Pico\firmware.nbo
[DEBUG 2026-07-22 18:12:43] mpremote candidate test: C:\Users\devil\AppData\Local\Microsoft\WindowsApps\PythonSoftwareFoundation.Python.3.12_qbz5n2kfra8p0\python.exe -m mpremote
[DEBUG 2026-07-22 18:12:43] mpremote command selected: C:\Users\devil\AppData\Local\Microsoft\WindowsApps\PythonSoftwareFoundation.Python.3.12_qbz5n2kfra8p0\python.exe -m mpremote
[DEBUG 2026-07-22 18:12:43] auto_detect_pico_ports start
[DEBUG 2026-07-22 18:12:43] mpremote run: C:\Users\devil\AppData\Local\Microsoft\WindowsApps\PythonSoftwareFoundation.Python.3.12_qbz5n2kfra8p0\python.exe -m mpremote connect list timeout=15
[DEBUG 2026-07-22 18:12:43] mpremote ok: C:\Users\devil\AppData\Local\Microsoft\WindowsApps\PythonSoftwareFoundation.Python.3.12_qbz5n2kfra8p0\python.exe -m mpremote connect list stdout=COM3 None 0000:0000 Microsoft None
COM4 None 0000:0000 Microsoft None
COM5 None 0000:0000 Microsoft None
COM6 None 0000:0000 Microsoft None
COM7 None 0000:0000 Microsoft None
COM8 None 0000:0000 Microsoft None
 stderr=
[DEBUG 2026-07-22 18:12:43] system serial ports: ['COM4', 'COM3', 'COM5', 'COM6', 'COM7', 'COM8']
[DEBUG 2026-07-22 18:12:43] auto_detect_pico_ports result: ['COM3', 'COM4', 'COM5', 'COM6', 'COM7', 'COM8']
[DEBUG 2026-07-22 18:12:43] probe port start: COM3
[DEBUG 2026-07-22 18:12:43] mpremote run: C:\Users\devil\AppData\Local\Microsoft\WindowsApps\PythonSoftwareFoundation.Python.3.12_qbz5n2kfra8p0\python.exe -m mpremote connect COM3 exec print('PICO_OK') timeout=8
[DEBUG 2026-07-22 18:12:43] mpremote error: C:\Users\devil\AppData\Local\Microsoft\WindowsApps\PythonSoftwareFoundation.Python.3.12_qbz5n2kfra8p0\python.exe -m mpremote connect COM3 exec print('PICO_OK') rc=1 raw=mpremote: failed to access COM3 (it may be in use by another program)
[DEBUG 2026-07-22 18:12:43] probe port failed: COM3
[DEBUG 2026-07-22 18:12:43] probe port start: COM4
[DEBUG 2026-07-22 18:12:43] mpremote run: C:\Users\devil\AppData\Local\Microsoft\WindowsApps\PythonSoftwareFoundation.Python.3.12_qbz5n2kfra8p0\python.exe -m mpremote connect COM4 exec print('PICO_OK') timeout=8
[DEBUG 2026-07-22 18:12:52] probe port failed: COM4
[DEBUG 2026-07-22 18:12:52] probe port start: COM5
[DEBUG 2026-07-22 18:12:52] mpremote run: C:\Users\devil\AppData\Local\Microsoft\WindowsApps\PythonSoftwareFoundation.Python.3.12_qbz5n2kfra8p0\python.exe -m mpremote connect COM5 exec print('PICO_OK') timeout=8
[DEBUG 2026-07-22 18:12:52] mpremote error: C:\Users\devil\AppData\Local\Microsoft\WindowsApps\PythonSoftwareFoundation.Python.3.12_qbz5n2kfra8p0\python.exe -m mpremote connect COM5 exec print('PICO_OK') rc=1 raw=mpremote: failed to access COM5 (it may be in use by another program)
[DEBUG 2026-07-22 18:12:52] probe port failed: COM5
[DEBUG 2026-07-22 18:12:52] probe port start: COM6
[DEBUG 2026-07-22 18:12:52] mpremote run: C:\Users\devil\AppData\Local\Microsoft\WindowsApps\PythonSoftwareFoundation.Python.3.12_qbz5n2kfra8p0\python.exe -m mpremote connect COM6 exec print('PICO_OK') timeout=8
[DEBUG 2026-07-22 18:12:57] mpremote error: C:\Users\devil\AppData\Local\Microsoft\WindowsApps\PythonSoftwareFoundation.Python.3.12_qbz5n2kfra8p0\python.exe -m mpremote connect COM6 exec print('PICO_OK') rc=1 raw=mpremote: failed to access COM6 (it may be in use by another program)
[DEBUG 2026-07-22 18:12:57] probe port failed: COM6
[DEBUG 2026-07-22 18:12:57] probe port start: COM7
[DEBUG 2026-07-22 18:12:57] mpremote run: C:\Users\devil\AppData\Local\Microsoft\WindowsApps\PythonSoftwareFoundation.Python.3.12_qbz5n2kfra8p0\python.exe -m mpremote connect COM7 exec print('PICO_OK') timeout=8
[DEBUG 2026-07-22 18:12:58] mpremote error: C:\Users\devil\AppData\Local\Microsoft\WindowsApps\PythonSoftwareFoundation.Python.3.12_qbz5n2kfra8p0\python.exe -m mpremote connect COM7 exec print('PICO_OK') rc=1 raw=mpremote: failed to access COM7 (it may be in use by another program)
[DEBUG 2026-07-22 18:12:58] probe port failed: COM7
[DEBUG 2026-07-22 18:12:58] probe port start: COM8
[DEBUG 2026-07-22 18:12:58] mpremote run: C:\Users\devil\AppData\Local\Microsoft\WindowsApps\PythonSoftwareFoundation.Python.3.12_qbz5n2kfra8p0\python.exe -m mpremote connect COM8 exec print('PICO_OK') timeout=8
[DEBUG 2026-07-22 18:13:03] mpremote error: C:\Users\devil\AppData\Local\Microsoft\WindowsApps\PythonSoftwareFoundation.Python.3.12_qbz5n2kfra8p0\python.exe -m mpremote connect COM8 exec print('PICO_OK') rc=1 raw=mpremote: failed to access COM8 (it may be in use by another program)
[DEBUG 2026-07-22 18:13:03] probe port failed: COM8
[DEBUG 2026-07-22 18:13:03] mpremote run: C:\Users\devil\AppData\Local\Microsoft\WindowsApps\PythonSoftwareFoundation.Python.3.12_qbz5n2kfra8p0\python.exe -m mpremote connect COM3 cp c:\Users\devil\Documents\GitHub\FPV_Gamification_Pico\firmware.nbo :firmware.nbo timeout=240
[DEBUG 2026-07-22 18:13:03] mpremote error: C:\Users\devil\AppData\Local\Microsoft\WindowsApps\PythonSoftwareFoundation.Python.3.12_qbz5n2kfra8p0\python.exe -m mpremote connect COM3 cp c:\Users\devil\Documents\GitHub\FPV_Gamification_Pico\firmware.nbo :firmware.nbo rc=1 raw=mpremote: failed to access COM3 (it may be in use by another program)
[DEBUG 2026-07-22 18:13:03] fallback cp failed on COM3: mpremote: failed to access COM3 (it may be in use by another program)
[DEBUG 2026-07-22 18:13:03] mpremote run: C:\Users\devil\AppData\Local\Microsoft\WindowsApps\PythonSoftwareFoundation.Python.3.12_qbz5n2kfra8p0\python.exe -m mpremote connect COM4 cp c:\Users\devil\Documents\GitHub\FPV_Gamification_Pico\firmware.nbo :firmware.nbo timeout=240
[DEBUG 2026-07-22 18:16:01] GUI scan_files triggered
[DEBUG 2026-07-22 18:17:18] GUI scan_files triggered
[DEBUG 2026-07-22 18:17:28] GUI start_serial_upload called: bundle_path=c:\Users\devil\Documents\GitHub\FPV_Gamification_Pico\firmware.nbo
[DEBUG 2026-07-22 18:17:28] GUI serial_upload_worker start: bundle_path=c:\Users\devil\Documents\GitHub\FPV_Gamification_Pico\firmware.nbo
[DEBUG 2026-07-22 18:17:28] upload_bundle_via_serial start: bundle_path=c:\Users\devil\Documents\GitHub\FPV_Gamification_Pico\firmware.nbo
[DEBUG 2026-07-22 18:17:28] mpremote candidate test: C:\Users\devil\AppData\Local\Microsoft\WindowsApps\PythonSoftwareFoundation.Python.3.12_qbz5n2kfra8p0\python.exe -m mpremote
[DEBUG 2026-07-22 18:17:29] mpremote command selected: C:\Users\devil\AppData\Local\Microsoft\WindowsApps\PythonSoftwareFoundation.Python.3.12_qbz5n2kfra8p0\python.exe -m mpremote
[DEBUG 2026-07-22 18:17:29] auto_detect_pico_ports start
[DEBUG 2026-07-22 18:17:29] mpremote run: C:\Users\devil\AppData\Local\Microsoft\WindowsApps\PythonSoftwareFoundation.Python.3.12_qbz5n2kfra8p0\python.exe -m mpremote connect list timeout=15
[DEBUG 2026-07-22 18:17:29] mpremote ok: C:\Users\devil\AppData\Local\Microsoft\WindowsApps\PythonSoftwareFoundation.Python.3.12_qbz5n2kfra8p0\python.exe -m mpremote connect list stdout=COM3 None 0000:0000 Microsoft None
COM4 None 0000:0000 Microsoft None
COM5 None 0000:0000 Microsoft None
COM6 None 0000:0000 Microsoft None
COM7 None 0000:0000 Microsoft None
COM8 None 0000:0000 Microsoft None
COM11 E66141024B63C436 2e8a:0005 Microsoft None
 stderr=
[DEBUG 2026-07-22 18:17:29] system serial ports: ['COM4', 'COM3', 'COM5', 'COM6', 'COM7', 'COM8', 'COM11']
[DEBUG 2026-07-22 18:17:29] auto_detect_pico_ports result: ['COM11', 'COM3', 'COM4', 'COM5', 'COM6', 'COM7', 'COM8']
[DEBUG 2026-07-22 18:17:29] probe port start: COM11
[DEBUG 2026-07-22 18:17:29] mpremote run: C:\Users\devil\AppData\Local\Microsoft\WindowsApps\PythonSoftwareFoundation.Python.3.12_qbz5n2kfra8p0\python.exe -m mpremote connect COM11 exec print('PICO_OK') timeout=8
[DEBUG 2026-07-22 18:17:29] mpremote ok: C:\Users\devil\AppData\Local\Microsoft\WindowsApps\PythonSoftwareFoundation.Python.3.12_qbz5n2kfra8p0\python.exe -m mpremote connect COM11 exec print('PICO_OK') stdout=PICO_OK
 stderr=
[DEBUG 2026-07-22 18:17:29] probe port result: COM11 ok=True
[DEBUG 2026-07-22 18:17:29] probe selected port: COM11
[DEBUG 2026-07-22 18:17:29] mpremote run: C:\Users\devil\AppData\Local\Microsoft\WindowsApps\PythonSoftwareFoundation.Python.3.12_qbz5n2kfra8p0\python.exe -m mpremote connect COM11 cp c:\Users\devil\Documents\GitHub\FPV_Gamification_Pico\firmware.nbo :firmware.nbo timeout=240
[DEBUG 2026-07-22 18:17:41] mpremote ok: C:\Users\devil\AppData\Local\Microsoft\WindowsApps\PythonSoftwareFoundation.Python.3.12_qbz5n2kfra8p0\python.exe -m mpremote connect COM11 cp c:\Users\devil\Documents\GitHub\FPV_Gamification_Pico\firmware.nbo :firmware.nbo stdout=cp c:\Users\devil\Documents\GitHub\FPV_Gamification_Pico\firmware.nbo :firmware.nbo
 stderr=
[DEBUG 2026-07-22 18:17:41] bundle copied to COM11 at :firmware.nbo
[DEBUG 2026-07-22 18:17:41] auto_detect_pico_ports start
[DEBUG 2026-07-22 18:17:41] mpremote run: C:\Users\devil\AppData\Local\Microsoft\WindowsApps\PythonSoftwareFoundation.Python.3.12_qbz5n2kfra8p0\python.exe -m mpremote connect list timeout=15
[DEBUG 2026-07-22 18:17:41] mpremote ok: C:\Users\devil\AppData\Local\Microsoft\WindowsApps\PythonSoftwareFoundation.Python.3.12_qbz5n2kfra8p0\python.exe -m mpremote connect list stdout=COM3 None 0000:0000 Microsoft None
COM4 None 0000:0000 Microsoft None
COM5 None 0000:0000 Microsoft None
COM6 None 0000:0000 Microsoft None
COM7 None 0000:0000 Microsoft None
COM8 None 0000:0000 Microsoft None
COM11 E66141024B63C436 2e8a:0005 Microsoft None
 stderr=
[DEBUG 2026-07-22 18:17:41] system serial ports: ['COM4', 'COM3', 'COM5', 'COM6', 'COM7', 'COM8', 'COM11']
[DEBUG 2026-07-22 18:17:41] auto_detect_pico_ports result: ['COM11', 'COM3', 'COM4', 'COM5', 'COM6', 'COM7', 'COM8']
[DEBUG 2026-07-22 18:17:41] mpremote run: C:\Users\devil\AppData\Local\Microsoft\WindowsApps\PythonSoftwareFoundation.Python.3.12_qbz5n2kfra8p0\python.exe -m mpremote connect COM11 soft-reset timeout=20
[DEBUG 2026-07-22 18:17:41] mpremote ok: C:\Users\devil\AppData\Local\Microsoft\WindowsApps\PythonSoftwareFoundation.Python.3.12_qbz5n2kfra8p0\python.exe -m mpremote connect COM11 soft-reset stdout= stderr=
[DEBUG 2026-07-22 18:17:41] mpremote run: C:\Users\devil\AppData\Local\Microsoft\WindowsApps\PythonSoftwareFoundation.Python.3.12_qbz5n2kfra8p0\python.exe -m mpremote connect COM11 run C:\Users\devil\AppData\Local\Temp\tmp745sopcl.py timeout=240
[DEBUG 2026-07-22 18:17:44] mpremote ok: C:\Users\devil\AppData\Local\Microsoft\WindowsApps\PythonSoftwareFoundation.Python.3.12_qbz5n2kfra8p0\python.exe -m mpremote connect COM11 run C:\Users\devil\AppData\Local\Temp\tmp745sopcl.py stdout=SERIAL_APPLY_OK:boot.py,recovery.py,hotspot_common.py,boot_runtime.py,main.py,index.html,admin_dashboard.html,admin_update.html,admin_simulate.html,admin_profiles.html,admin_system.html
SERIAL_NEEDS_RESTART:1
 stderr=
[DEBUG 2026-07-22 18:17:44] unpack succeeded on COM11
[DEBUG 2026-07-22 18:17:44] triggering post-unpack reset on COM11
[DEBUG 2026-07-22 18:17:44] mpremote run: C:\Users\devil\AppData\Local\Microsoft\WindowsApps\PythonSoftwareFoundation.Python.3.12_qbz5n2kfra8p0\python.exe -m mpremote connect COM11 exec import machine; machine.reset() timeout=20
[DEBUG 2026-07-22 18:17:54] mpremote error: C:\Users\devil\AppData\Local\Microsoft\WindowsApps\PythonSoftwareFoundation.Python.3.12_qbz5n2kfra8p0\python.exe -m mpremote connect COM11 exec import machine; machine.reset() rc=1 raw=Traceback (most recent call last):
  File "<frozen runpy>", line 198, in _run_module_as_main
  File "<frozen runpy>", line 88, in _run_code
  File "C:\Users\devil\AppData\Local\Packages\PythonSoftwareFoundation.Python.3.12_qbz5n2kfra8p0\LocalCache\local-packages\Python312\site-packages\mpremote\__main__.py", line 6, in <module>
    sys.exit(main.main())
             ^^^^^^^^^^^
  File "C:\Users\devil\AppData\Local\Packages\PythonSoftwareFoundation.Python.3.12_qbz5n2kfra8p0\LocalCache\local-packages\Python312\site-packages\mpremote\main.py", line 614, in main
    handler_func(state, args)
  File "C:\Users\devil\AppData\Local\Packages\PythonSoftwareFoundation.Python.3.12_qbz5n2kfra8p0\LocalCache\local-packages\Python312\site-packages\mpremote\commands.py", line 500, in do_exec
    _do_execbuffer(state, args.expr[0], args.follow)
  File "C:\Users\devil\AppData\Local\Packages\PythonSoftwareFoundation.Python.3.12_qbz5n2kfra8p0\LocalCache\local-packages\Python312\site-packages\mpremote\commands.py", line 483, in _do_execbuffer
    state.ensure_raw_repl()
  File "C:\Users\devil\AppData\Local\Packages\PythonSoftwareFoundation.Python.3.12_qbz5n2kfra8p0\LocalCache\local-packages\Python312\site-packages\mpremote\main.py", line 551, in ensure_raw_repl
    self.transport.enter_raw_repl(soft_reset=soft_reset)
  File "C:\Users\devil\AppData\Local\Packages\PythonSoftwareFoundation.Python.3.12_qbz5n2kfra8p0\LocalCache\local-packages\Python312\site-packages\mpremote\transport_serial.py", line 194, in enter_raw_repl
    raise TransportError("could not enter raw repl")
mpremote.transport.TransportError: could not enter raw repl
[DEBUG 2026-07-22 18:17:54] post-unpack reset connection ended on COM11:     handler_func(state, args)
  File "C:\Users\devil\AppData\Local\Packages\PythonSoftwareFoundation.Python.3.12_qbz5n2kfra8p0\LocalCache\local-packages\Python312\site-packages\mpremote\commands.py", line 500, in do_exec
    _do_execbuffer(state, args.expr[0], args.follow)
  File "C:\Users\devil\AppData\Local\Packages\PythonSoftwareFoundation.Python.3.12_qbz5n2kfra8p0\LocalCache\local-packages\Python312\site-packages\mpremote\commands.py", line 483, in _do_execbuffer
    state.ensure_raw_repl()
  File "C:\Users\devil\AppData\Local\Packages\PythonSoftwareFoundation.Python.3.12_qbz5n2kfra8p0\LocalCache\local-packages\Python312\site-packages\mpremote\main.py", line 551, in ensure_raw_repl
    self.transport.enter_raw_repl(soft_reset=soft_reset)
  File "C:\Users\devil\AppData\Local\Packages\Py...<truncated>
[DEBUG 2026-07-22 18:17:54] upload_bundle_via_serial done: port=COM11
[DEBUG 2026-07-22 18:22:03] GUI scan_files triggered
[DEBUG 2026-07-22 18:22:08] GUI scan_files triggered
[DEBUG 2026-07-22 18:22:17] GUI start_build called: output_path=c:\Users\devil\Documents\GitHub\FPV_Gamification_Pico\firmware.nbo
[DEBUG 2026-07-22 18:22:17] GUI build_worker start: output_path=c:\Users\devil\Documents\GitHub\FPV_Gamification_Pico\firmware.nbo include_boot_stack=False
[DEBUG 2026-07-22 18:22:17] build_bundle start: source_dir=c:\Users\devil\Documents\GitHub\FPV_Gamification_Pico output_path=c:\Users\devil\Documents\GitHub\FPV_Gamification_Pico\firmware.nbo
[DEBUG 2026-07-22 18:22:17] build_bundle mode: include_boot_stack=False files=['main.py', 'index.html', 'admin_dashboard.html', 'admin_update.html', 'admin_simulate.html', 'admin_profiles.html', 'admin_system.html']
[DEBUG 2026-07-22 18:22:17] build_bundle done: included=7 total_bytes=124901
[DEBUG 2026-07-22 18:22:21] GUI start_serial_upload called: bundle_path=c:\Users\devil\Documents\GitHub\FPV_Gamification_Pico\firmware.nbo
[DEBUG 2026-07-22 18:22:21] GUI serial_upload_worker start: bundle_path=c:\Users\devil\Documents\GitHub\FPV_Gamification_Pico\firmware.nbo
[DEBUG 2026-07-22 18:22:21] upload_bundle_via_serial start: bundle_path=c:\Users\devil\Documents\GitHub\FPV_Gamification_Pico\firmware.nbo
[DEBUG 2026-07-22 18:22:21] mpremote candidate test: C:\Users\devil\AppData\Local\Microsoft\WindowsApps\PythonSoftwareFoundation.Python.3.12_qbz5n2kfra8p0\python.exe -m mpremote
[DEBUG 2026-07-22 18:22:21] mpremote command selected: C:\Users\devil\AppData\Local\Microsoft\WindowsApps\PythonSoftwareFoundation.Python.3.12_qbz5n2kfra8p0\python.exe -m mpremote
[DEBUG 2026-07-22 18:22:21] auto_detect_pico_ports start
[DEBUG 2026-07-22 18:22:21] mpremote run: C:\Users\devil\AppData\Local\Microsoft\WindowsApps\PythonSoftwareFoundation.Python.3.12_qbz5n2kfra8p0\python.exe -m mpremote connect list timeout=15
[DEBUG 2026-07-22 18:22:21] mpremote ok: C:\Users\devil\AppData\Local\Microsoft\WindowsApps\PythonSoftwareFoundation.Python.3.12_qbz5n2kfra8p0\python.exe -m mpremote connect list stdout=COM3 None 0000:0000 Microsoft None
COM4 None 0000:0000 Microsoft None
COM5 None 0000:0000 Microsoft None
COM6 None 0000:0000 Microsoft None
COM7 None 0000:0000 Microsoft None
COM8 None 0000:0000 Microsoft None
 stderr=
[DEBUG 2026-07-22 18:22:21] system serial ports: ['COM4', 'COM3', 'COM5', 'COM6', 'COM7', 'COM8']
[DEBUG 2026-07-22 18:22:21] auto_detect_pico_ports result: ['COM3', 'COM4', 'COM5', 'COM6', 'COM7', 'COM8']
[DEBUG 2026-07-22 18:22:21] probe port start: COM3
[DEBUG 2026-07-22 18:22:21] mpremote run: C:\Users\devil\AppData\Local\Microsoft\WindowsApps\PythonSoftwareFoundation.Python.3.12_qbz5n2kfra8p0\python.exe -m mpremote connect COM3 exec print('PICO_OK') timeout=8
[DEBUG 2026-07-22 18:22:22] mpremote error: C:\Users\devil\AppData\Local\Microsoft\WindowsApps\PythonSoftwareFoundation.Python.3.12_qbz5n2kfra8p0\python.exe -m mpremote connect COM3 exec print('PICO_OK') rc=1 raw=mpremote: failed to access COM3 (it may be in use by another program)
[DEBUG 2026-07-22 18:22:22] probe port failed: COM3
[DEBUG 2026-07-22 18:22:22] probe port start: COM4
[DEBUG 2026-07-22 18:22:22] mpremote run: C:\Users\devil\AppData\Local\Microsoft\WindowsApps\PythonSoftwareFoundation.Python.3.12_qbz5n2kfra8p0\python.exe -m mpremote connect COM4 exec print('PICO_OK') timeout=8
[DEBUG 2026-07-22 18:22:30] probe port failed: COM4
[DEBUG 2026-07-22 18:22:30] probe port start: COM5
[DEBUG 2026-07-22 18:22:30] mpremote run: C:\Users\devil\AppData\Local\Microsoft\WindowsApps\PythonSoftwareFoundation.Python.3.12_qbz5n2kfra8p0\python.exe -m mpremote connect COM5 exec print('PICO_OK') timeout=8
[DEBUG 2026-07-22 18:22:30] mpremote error: C:\Users\devil\AppData\Local\Microsoft\WindowsApps\PythonSoftwareFoundation.Python.3.12_qbz5n2kfra8p0\python.exe -m mpremote connect COM5 exec print('PICO_OK') rc=1 raw=mpremote: failed to access COM5 (it may be in use by another program)
[DEBUG 2026-07-22 18:22:30] probe port failed: COM5
[DEBUG 2026-07-22 18:22:30] probe port start: COM6
[DEBUG 2026-07-22 18:22:30] mpremote run: C:\Users\devil\AppData\Local\Microsoft\WindowsApps\PythonSoftwareFoundation.Python.3.12_qbz5n2kfra8p0\python.exe -m mpremote connect COM6 exec print('PICO_OK') timeout=8
[DEBUG 2026-07-22 18:22:35] mpremote error: C:\Users\devil\AppData\Local\Microsoft\WindowsApps\PythonSoftwareFoundation.Python.3.12_qbz5n2kfra8p0\python.exe -m mpremote connect COM6 exec print('PICO_OK') rc=1 raw=mpremote: failed to access COM6 (it may be in use by another program)
[DEBUG 2026-07-22 18:22:35] probe port failed: COM6
[DEBUG 2026-07-22 18:22:35] probe port start: COM7
[DEBUG 2026-07-22 18:22:35] mpremote run: C:\Users\devil\AppData\Local\Microsoft\WindowsApps\PythonSoftwareFoundation.Python.3.12_qbz5n2kfra8p0\python.exe -m mpremote connect COM7 exec print('PICO_OK') timeout=8
[DEBUG 2026-07-22 18:22:36] mpremote error: C:\Users\devil\AppData\Local\Microsoft\WindowsApps\PythonSoftwareFoundation.Python.3.12_qbz5n2kfra8p0\python.exe -m mpremote connect COM7 exec print('PICO_OK') rc=1 raw=mpremote: failed to access COM7 (it may be in use by another program)
[DEBUG 2026-07-22 18:22:36] probe port failed: COM7
[DEBUG 2026-07-22 18:22:36] probe port start: COM8
[DEBUG 2026-07-22 18:22:36] mpremote run: C:\Users\devil\AppData\Local\Microsoft\WindowsApps\PythonSoftwareFoundation.Python.3.12_qbz5n2kfra8p0\python.exe -m mpremote connect COM8 exec print('PICO_OK') timeout=8
[DEBUG 2026-07-22 18:22:41] mpremote error: C:\Users\devil\AppData\Local\Microsoft\WindowsApps\PythonSoftwareFoundation.Python.3.12_qbz5n2kfra8p0\python.exe -m mpremote connect COM8 exec print('PICO_OK') rc=1 raw=mpremote: failed to access COM8 (it may be in use by another program)
[DEBUG 2026-07-22 18:22:41] probe port failed: COM8
[DEBUG 2026-07-22 18:22:41] mpremote run: C:\Users\devil\AppData\Local\Microsoft\WindowsApps\PythonSoftwareFoundation.Python.3.12_qbz5n2kfra8p0\python.exe -m mpremote connect COM3 cp c:\Users\devil\Documents\GitHub\FPV_Gamification_Pico\firmware.nbo :firmware.nbo timeout=240
[DEBUG 2026-07-22 18:22:42] mpremote error: C:\Users\devil\AppData\Local\Microsoft\WindowsApps\PythonSoftwareFoundation.Python.3.12_qbz5n2kfra8p0\python.exe -m mpremote connect COM3 cp c:\Users\devil\Documents\GitHub\FPV_Gamification_Pico\firmware.nbo :firmware.nbo rc=1 raw=mpremote: failed to access COM3 (it may be in use by another program)
[DEBUG 2026-07-22 18:22:42] fallback cp failed on COM3: mpremote: failed to access COM3 (it may be in use by another program)
[DEBUG 2026-07-22 18:22:42] mpremote run: C:\Users\devil\AppData\Local\Microsoft\WindowsApps\PythonSoftwareFoundation.Python.3.12_qbz5n2kfra8p0\python.exe -m mpremote connect COM4 cp c:\Users\devil\Documents\GitHub\FPV_Gamification_Pico\firmware.nbo :firmware.nbo timeout=240
[DEBUG 2026-07-22 18:22:48] GUI scan_files triggered
[DEBUG 2026-07-22 18:22:55] GUI scan_files triggered
[DEBUG 2026-07-22 18:22:59] GUI scan_files triggered
[DEBUG 2026-07-22 18:23:01] GUI start_serial_upload called: bundle_path=c:\Users\devil\Documents\GitHub\FPV_Gamification_Pico\firmware.nbo
[DEBUG 2026-07-22 18:23:01] GUI serial_upload_worker start: bundle_path=c:\Users\devil\Documents\GitHub\FPV_Gamification_Pico\firmware.nbo
[DEBUG 2026-07-22 18:23:01] upload_bundle_via_serial start: bundle_path=c:\Users\devil\Documents\GitHub\FPV_Gamification_Pico\firmware.nbo
[DEBUG 2026-07-22 18:23:01] mpremote candidate test: C:\Users\devil\AppData\Local\Microsoft\WindowsApps\PythonSoftwareFoundation.Python.3.12_qbz5n2kfra8p0\python.exe -m mpremote
[DEBUG 2026-07-22 18:23:01] mpremote command selected: C:\Users\devil\AppData\Local\Microsoft\WindowsApps\PythonSoftwareFoundation.Python.3.12_qbz5n2kfra8p0\python.exe -m mpremote
[DEBUG 2026-07-22 18:23:01] auto_detect_pico_ports start
[DEBUG 2026-07-22 18:23:01] mpremote run: C:\Users\devil\AppData\Local\Microsoft\WindowsApps\PythonSoftwareFoundation.Python.3.12_qbz5n2kfra8p0\python.exe -m mpremote connect list timeout=15
[DEBUG 2026-07-22 18:23:02] mpremote ok: C:\Users\devil\AppData\Local\Microsoft\WindowsApps\PythonSoftwareFoundation.Python.3.12_qbz5n2kfra8p0\python.exe -m mpremote connect list stdout=COM3 None 0000:0000 Microsoft None
COM4 None 0000:0000 Microsoft None
COM5 None 0000:0000 Microsoft None
COM6 None 0000:0000 Microsoft None
COM7 None 0000:0000 Microsoft None
COM8 None 0000:0000 Microsoft None
COM11 E66141024B63C436 2e8a:0005 Microsoft None
 stderr=
[DEBUG 2026-07-22 18:23:02] system serial ports: ['COM4', 'COM3', 'COM5', 'COM6', 'COM7', 'COM8', 'COM11']
[DEBUG 2026-07-22 18:23:02] auto_detect_pico_ports result: ['COM11', 'COM3', 'COM4', 'COM5', 'COM6', 'COM7', 'COM8']
[DEBUG 2026-07-22 18:23:02] probe port start: COM11
[DEBUG 2026-07-22 18:23:02] mpremote run: C:\Users\devil\AppData\Local\Microsoft\WindowsApps\PythonSoftwareFoundation.Python.3.12_qbz5n2kfra8p0\python.exe -m mpremote connect COM11 exec print('PICO_OK') timeout=8
[DEBUG 2026-07-22 18:23:02] mpremote ok: C:\Users\devil\AppData\Local\Microsoft\WindowsApps\PythonSoftwareFoundation.Python.3.12_qbz5n2kfra8p0\python.exe -m mpremote connect COM11 exec print('PICO_OK') stdout=PICO_OK
 stderr=
[DEBUG 2026-07-22 18:23:02] probe port result: COM11 ok=True
[DEBUG 2026-07-22 18:23:02] probe selected port: COM11
[DEBUG 2026-07-22 18:23:02] mpremote run: C:\Users\devil\AppData\Local\Microsoft\WindowsApps\PythonSoftwareFoundation.Python.3.12_qbz5n2kfra8p0\python.exe -m mpremote connect COM11 cp c:\Users\devil\Documents\GitHub\FPV_Gamification_Pico\firmware.nbo :firmware.nbo timeout=240
[DEBUG 2026-07-22 18:23:11] mpremote ok: C:\Users\devil\AppData\Local\Microsoft\WindowsApps\PythonSoftwareFoundation.Python.3.12_qbz5n2kfra8p0\python.exe -m mpremote connect COM11 cp c:\Users\devil\Documents\GitHub\FPV_Gamification_Pico\firmware.nbo :firmware.nbo stdout=cp c:\Users\devil\Documents\GitHub\FPV_Gamification_Pico\firmware.nbo :firmware.nbo
 stderr=
[DEBUG 2026-07-22 18:23:11] bundle copied to COM11 at :firmware.nbo
[DEBUG 2026-07-22 18:23:11] auto_detect_pico_ports start
[DEBUG 2026-07-22 18:23:11] mpremote run: C:\Users\devil\AppData\Local\Microsoft\WindowsApps\PythonSoftwareFoundation.Python.3.12_qbz5n2kfra8p0\python.exe -m mpremote connect list timeout=15
[DEBUG 2026-07-22 18:23:11] mpremote ok: C:\Users\devil\AppData\Local\Microsoft\WindowsApps\PythonSoftwareFoundation.Python.3.12_qbz5n2kfra8p0\python.exe -m mpremote connect list stdout=COM3 None 0000:0000 Microsoft None
COM4 None 0000:0000 Microsoft None
COM5 None 0000:0000 Microsoft None
COM6 None 0000:0000 Microsoft None
COM7 None 0000:0000 Microsoft None
COM8 None 0000:0000 Microsoft None
COM11 E66141024B63C436 2e8a:0005 Microsoft None
 stderr=
[DEBUG 2026-07-22 18:23:11] system serial ports: ['COM4', 'COM3', 'COM5', 'COM6', 'COM7', 'COM8', 'COM11']
[DEBUG 2026-07-22 18:23:11] auto_detect_pico_ports result: ['COM11', 'COM3', 'COM4', 'COM5', 'COM6', 'COM7', 'COM8']
[DEBUG 2026-07-22 18:23:11] mpremote run: C:\Users\devil\AppData\Local\Microsoft\WindowsApps\PythonSoftwareFoundation.Python.3.12_qbz5n2kfra8p0\python.exe -m mpremote connect COM11 soft-reset timeout=20
[DEBUG 2026-07-22 18:23:11] mpremote ok: C:\Users\devil\AppData\Local\Microsoft\WindowsApps\PythonSoftwareFoundation.Python.3.12_qbz5n2kfra8p0\python.exe -m mpremote connect COM11 soft-reset stdout= stderr=
[DEBUG 2026-07-22 18:23:11] mpremote run: C:\Users\devil\AppData\Local\Microsoft\WindowsApps\PythonSoftwareFoundation.Python.3.12_qbz5n2kfra8p0\python.exe -m mpremote connect COM11 run C:\Users\devil\AppData\Local\Temp\tmpaq8qrldj.py timeout=240
[DEBUG 2026-07-22 18:23:13] mpremote ok: C:\Users\devil\AppData\Local\Microsoft\WindowsApps\PythonSoftwareFoundation.Python.3.12_qbz5n2kfra8p0\python.exe -m mpremote connect COM11 run C:\Users\devil\AppData\Local\Temp\tmpaq8qrldj.py stdout=SERIAL_APPLY_OK:main.py,index.html,admin_dashboard.html,admin_update.html,admin_simulate.html,admin_profiles.html,admin_system.html
SERIAL_NEEDS_RESTART:1
 stderr=
[DEBUG 2026-07-22 18:23:13] unpack succeeded on COM11
[DEBUG 2026-07-22 18:23:13] triggering post-unpack reset on COM11
[DEBUG 2026-07-22 18:23:13] mpremote run: C:\Users\devil\AppData\Local\Microsoft\WindowsApps\PythonSoftwareFoundation.Python.3.12_qbz5n2kfra8p0\python.exe -m mpremote connect COM11 exec import machine; machine.reset() timeout=20
[DEBUG 2026-07-22 18:23:14] mpremote error: C:\Users\devil\AppData\Local\Microsoft\WindowsApps\PythonSoftwareFoundation.Python.3.12_qbz5n2kfra8p0\python.exe -m mpremote connect COM11 exec import machine; machine.reset() rc=1 raw=Traceback (most recent call last):
  File "<frozen runpy>", line 198, in _run_module_as_main
  File "<frozen runpy>", line 88, in _run_code
  File "C:\Users\devil\AppData\Local\Packages\PythonSoftwareFoundation.Python.3.12_qbz5n2kfra8p0\LocalCache\local-packages\Python312\site-packages\mpremote\__main__.py", line 6, in <module>
    sys.exit(main.main())
             ^^^^^^^^^^^
  File "C:\Users\devil\AppData\Local\Packages\PythonSoftwareFoundation.Python.3.12_qbz5n2kfra8p0\LocalCache\local-packages\Python312\site-packages\mpremote\main.py", line 614, in main
    handler_func(state, args)
  File "C:\Users\devil\AppData\Local\Packages\PythonSoftwareFoundation.Python.3.12_qbz5n2kfra8p0\LocalCache\local-packages\Python312\site-packages\mpremote\commands.py", line 500, in do_exec
    _do_execbuffer(state, args.expr[0], args.follow)
  File "C:\Users\devil\AppData\Local\Packages\PythonSoftwareFoundation.Python.3.12_qbz5n2kfra8p0\LocalCache\local-packages\Python312\site-packages\mpremote\commands.py", line 489, in _do_execbuffer
    ret, ret_err = state.transport.follow(timeout=None, data_consumer=stdout_write_bytes)
                   ^^^^^^^^^^^^^^^^^^^^^^^^^^^^^^^^^^^^^^^^^^^^^^^^^^^^^^^^^^^^^^^^^^^^^^
  File "C:\Users\devil\AppData\Local\Packages\PythonSoftwareFoundation.Python.3.12_qbz5n2kfra8p0\LocalCache\local-packages\Python312\site-packages\mpremote\transport_serial.py", line 204, in follow
    data = self.read_until(1, b"\x04", timeout=timeout, data_consumer=data_consumer)
           ^^^^^^^^^^^^^^^^^^^^^^^^^^^^^^^^^^^^^^^^^^^^^^^^^^^^^^^^^^^^^^^^^^^^^^^^^
  File "C:\Users\devil\AppData\Local\Packages\PythonSoftwareFoundation.Python.3.12_qbz5n2kfra8p0\LocalCache\local-packages\Python312\site-packages\mpremote\transport_serial.py", line 143, in read_until
    elif self.serial.inWaiting() > 0:
         ^^^^^^^^^^^^^^^^^^^^^^^
  File "C:\Users\devil\AppData\Local\Packages\PythonSoftwareFoundation.Python.3.12_qbz5n2kfra8p0\LocalCache\local-packages\Python312\site-pack...<truncated>
[DEBUG 2026-07-22 18:23:14] post-unpack reset connection ended on COM11: Serieller COM-Port ist blockiert oder kein gueltiger Pico-Port. Bitte Thonny/Serial-Monitor schliessen, USB kurz neu verbinden und erneut versuchen.
[DEBUG 2026-07-22 18:23:14] upload_bundle_via_serial done: port=COM11
[DEBUG 2026-07-22 18:27:41] GUI scan_files triggered
[DEBUG 2026-07-22 18:27:46] GUI start_build called: output_path=c:\Users\devil\Documents\GitHub\FPV_Gamification_Pico\firmware.nbo
[DEBUG 2026-07-22 18:27:46] GUI build_worker start: output_path=c:\Users\devil\Documents\GitHub\FPV_Gamification_Pico\firmware.nbo include_boot_stack=True
[DEBUG 2026-07-22 18:27:46] build_bundle start: source_dir=c:\Users\devil\Documents\GitHub\FPV_Gamification_Pico output_path=c:\Users\devil\Documents\GitHub\FPV_Gamification_Pico\firmware.nbo
[DEBUG 2026-07-22 18:27:46] build_bundle mode: include_boot_stack=True files=['boot.py', 'recovery.py', 'hotspot_common.py', 'boot_runtime.py', 'main.py', 'index.html', 'admin_dashboard.html', 'admin_update.html', 'admin_simulate.html', 'admin_profiles.html', 'admin_system.html']
[DEBUG 2026-07-22 18:27:46] build_bundle done: included=11 total_bytes=164666
[DEBUG 2026-07-22 18:27:49] GUI start_serial_upload called: bundle_path=c:\Users\devil\Documents\GitHub\FPV_Gamification_Pico\firmware.nbo
[DEBUG 2026-07-22 18:27:49] GUI serial_upload_worker start: bundle_path=c:\Users\devil\Documents\GitHub\FPV_Gamification_Pico\firmware.nbo
[DEBUG 2026-07-22 18:27:49] upload_bundle_via_serial start: bundle_path=c:\Users\devil\Documents\GitHub\FPV_Gamification_Pico\firmware.nbo
[DEBUG 2026-07-22 18:27:49] mpremote candidate test: C:\Users\devil\AppData\Local\Microsoft\WindowsApps\PythonSoftwareFoundation.Python.3.12_qbz5n2kfra8p0\python.exe -m mpremote
[DEBUG 2026-07-22 18:27:49] mpremote command selected: C:\Users\devil\AppData\Local\Microsoft\WindowsApps\PythonSoftwareFoundation.Python.3.12_qbz5n2kfra8p0\python.exe -m mpremote
[DEBUG 2026-07-22 18:27:49] auto_detect_pico_ports start
[DEBUG 2026-07-22 18:27:49] mpremote run: C:\Users\devil\AppData\Local\Microsoft\WindowsApps\PythonSoftwareFoundation.Python.3.12_qbz5n2kfra8p0\python.exe -m mpremote connect list timeout=15
[DEBUG 2026-07-22 18:27:49] mpremote ok: C:\Users\devil\AppData\Local\Microsoft\WindowsApps\PythonSoftwareFoundation.Python.3.12_qbz5n2kfra8p0\python.exe -m mpremote connect list stdout=COM3 None 0000:0000 Microsoft None
COM4 None 0000:0000 Microsoft None
COM5 None 0000:0000 Microsoft None
COM6 None 0000:0000 Microsoft None
COM7 None 0000:0000 Microsoft None
COM8 None 0000:0000 Microsoft None
COM11 E66141024B63C436 2e8a:0005 Microsoft None
 stderr=
[DEBUG 2026-07-22 18:27:49] system serial ports: ['COM4', 'COM3', 'COM5', 'COM6', 'COM7', 'COM8', 'COM11']
[DEBUG 2026-07-22 18:27:49] auto_detect_pico_ports result: ['COM11', 'COM3', 'COM4', 'COM5', 'COM6', 'COM7', 'COM8']
[DEBUG 2026-07-22 18:27:49] probe port start: COM11
[DEBUG 2026-07-22 18:27:49] mpremote run: C:\Users\devil\AppData\Local\Microsoft\WindowsApps\PythonSoftwareFoundation.Python.3.12_qbz5n2kfra8p0\python.exe -m mpremote connect COM11 exec print('PICO_OK') timeout=8
[DEBUG 2026-07-22 18:27:49] mpremote error: C:\Users\devil\AppData\Local\Microsoft\WindowsApps\PythonSoftwareFoundation.Python.3.12_qbz5n2kfra8p0\python.exe -m mpremote connect COM11 exec print('PICO_OK') rc=1 raw=mpremote: failed to access COM11 (it may be in use by another program)
[DEBUG 2026-07-22 18:27:49] probe port failed: COM11
[DEBUG 2026-07-22 18:27:49] probe port start: COM3
[DEBUG 2026-07-22 18:27:49] mpremote run: C:\Users\devil\AppData\Local\Microsoft\WindowsApps\PythonSoftwareFoundation.Python.3.12_qbz5n2kfra8p0\python.exe -m mpremote connect COM3 exec print('PICO_OK') timeout=8
[DEBUG 2026-07-22 18:27:50] mpremote error: C:\Users\devil\AppData\Local\Microsoft\WindowsApps\PythonSoftwareFoundation.Python.3.12_qbz5n2kfra8p0\python.exe -m mpremote connect COM3 exec print('PICO_OK') rc=1 raw=mpremote: failed to access COM3 (it may be in use by another program)
[DEBUG 2026-07-22 18:27:50] probe port failed: COM3
[DEBUG 2026-07-22 18:27:50] probe port start: COM4
[DEBUG 2026-07-22 18:27:50] mpremote run: C:\Users\devil\AppData\Local\Microsoft\WindowsApps\PythonSoftwareFoundation.Python.3.12_qbz5n2kfra8p0\python.exe -m mpremote connect COM4 exec print('PICO_OK') timeout=8
[DEBUG 2026-07-22 18:27:58] probe port failed: COM4
[DEBUG 2026-07-22 18:27:58] probe port start: COM5
[DEBUG 2026-07-22 18:27:58] mpremote run: C:\Users\devil\AppData\Local\Microsoft\WindowsApps\PythonSoftwareFoundation.Python.3.12_qbz5n2kfra8p0\python.exe -m mpremote connect COM5 exec print('PICO_OK') timeout=8
[DEBUG 2026-07-22 18:27:58] mpremote error: C:\Users\devil\AppData\Local\Microsoft\WindowsApps\PythonSoftwareFoundation.Python.3.12_qbz5n2kfra8p0\python.exe -m mpremote connect COM5 exec print('PICO_OK') rc=1 raw=mpremote: failed to access COM5 (it may be in use by another program)
[DEBUG 2026-07-22 18:27:58] probe port failed: COM5
[DEBUG 2026-07-22 18:27:58] probe port start: COM6
[DEBUG 2026-07-22 18:27:58] mpremote run: C:\Users\devil\AppData\Local\Microsoft\WindowsApps\PythonSoftwareFoundation.Python.3.12_qbz5n2kfra8p0\python.exe -m mpremote connect COM6 exec print('PICO_OK') timeout=8
[DEBUG 2026-07-22 18:28:04] GUI scan_files triggered
[DEBUG 2026-07-22 18:28:05] GUI start_serial_upload called: bundle_path=c:\Users\devil\Documents\GitHub\FPV_Gamification_Pico\firmware.nbo
[DEBUG 2026-07-22 18:28:05] GUI serial_upload_worker start: bundle_path=c:\Users\devil\Documents\GitHub\FPV_Gamification_Pico\firmware.nbo
[DEBUG 2026-07-22 18:28:05] upload_bundle_via_serial start: bundle_path=c:\Users\devil\Documents\GitHub\FPV_Gamification_Pico\firmware.nbo
[DEBUG 2026-07-22 18:28:05] mpremote candidate test: C:\Users\devil\AppData\Local\Microsoft\WindowsApps\PythonSoftwareFoundation.Python.3.12_qbz5n2kfra8p0\python.exe -m mpremote
[DEBUG 2026-07-22 18:28:06] mpremote command selected: C:\Users\devil\AppData\Local\Microsoft\WindowsApps\PythonSoftwareFoundation.Python.3.12_qbz5n2kfra8p0\python.exe -m mpremote
[DEBUG 2026-07-22 18:28:06] auto_detect_pico_ports start
[DEBUG 2026-07-22 18:28:06] mpremote run: C:\Users\devil\AppData\Local\Microsoft\WindowsApps\PythonSoftwareFoundation.Python.3.12_qbz5n2kfra8p0\python.exe -m mpremote connect list timeout=15
[DEBUG 2026-07-22 18:28:06] mpremote ok: C:\Users\devil\AppData\Local\Microsoft\WindowsApps\PythonSoftwareFoundation.Python.3.12_qbz5n2kfra8p0\python.exe -m mpremote connect list stdout=COM3 None 0000:0000 Microsoft None
COM4 None 0000:0000 Microsoft None
COM5 None 0000:0000 Microsoft None
COM6 None 0000:0000 Microsoft None
COM7 None 0000:0000 Microsoft None
COM8 None 0000:0000 Microsoft None
COM11 E66141024B63C436 2e8a:0005 Microsoft None
 stderr=
[DEBUG 2026-07-22 18:28:06] system serial ports: ['COM4', 'COM3', 'COM5', 'COM6', 'COM7', 'COM8', 'COM11']
[DEBUG 2026-07-22 18:28:06] auto_detect_pico_ports result: ['COM11', 'COM3', 'COM4', 'COM5', 'COM6', 'COM7', 'COM8']
[DEBUG 2026-07-22 18:28:06] probe port start: COM11
[DEBUG 2026-07-22 18:28:06] mpremote run: C:\Users\devil\AppData\Local\Microsoft\WindowsApps\PythonSoftwareFoundation.Python.3.12_qbz5n2kfra8p0\python.exe -m mpremote connect COM11 exec print('PICO_OK') timeout=8
[DEBUG 2026-07-22 18:28:06] mpremote ok: C:\Users\devil\AppData\Local\Microsoft\WindowsApps\PythonSoftwareFoundation.Python.3.12_qbz5n2kfra8p0\python.exe -m mpremote connect COM11 exec print('PICO_OK') stdout=PICO_OK
 stderr=
[DEBUG 2026-07-22 18:28:06] probe port result: COM11 ok=True
[DEBUG 2026-07-22 18:28:06] probe selected port: COM11
[DEBUG 2026-07-22 18:28:06] mpremote run: C:\Users\devil\AppData\Local\Microsoft\WindowsApps\PythonSoftwareFoundation.Python.3.12_qbz5n2kfra8p0\python.exe -m mpremote connect COM11 cp c:\Users\devil\Documents\GitHub\FPV_Gamification_Pico\firmware.nbo :firmware.nbo timeout=240
[DEBUG 2026-07-22 18:28:18] mpremote ok: C:\Users\devil\AppData\Local\Microsoft\WindowsApps\PythonSoftwareFoundation.Python.3.12_qbz5n2kfra8p0\python.exe -m mpremote connect COM11 cp c:\Users\devil\Documents\GitHub\FPV_Gamification_Pico\firmware.nbo :firmware.nbo stdout=cp c:\Users\devil\Documents\GitHub\FPV_Gamification_Pico\firmware.nbo :firmware.nbo
 stderr=
[DEBUG 2026-07-22 18:28:18] bundle copied to COM11 at :firmware.nbo
[DEBUG 2026-07-22 18:28:18] auto_detect_pico_ports start
[DEBUG 2026-07-22 18:28:18] mpremote run: C:\Users\devil\AppData\Local\Microsoft\WindowsApps\PythonSoftwareFoundation.Python.3.12_qbz5n2kfra8p0\python.exe -m mpremote connect list timeout=15
[DEBUG 2026-07-22 18:28:18] mpremote ok: C:\Users\devil\AppData\Local\Microsoft\WindowsApps\PythonSoftwareFoundation.Python.3.12_qbz5n2kfra8p0\python.exe -m mpremote connect list stdout=COM3 None 0000:0000 Microsoft None
COM4 None 0000:0000 Microsoft None
COM5 None 0000:0000 Microsoft None
COM6 None 0000:0000 Microsoft None
COM7 None 0000:0000 Microsoft None
COM8 None 0000:0000 Microsoft None
COM11 E66141024B63C436 2e8a:0005 Microsoft None
 stderr=
[DEBUG 2026-07-22 18:28:18] system serial ports: ['COM4', 'COM3', 'COM5', 'COM6', 'COM7', 'COM8', 'COM11']
[DEBUG 2026-07-22 18:28:18] auto_detect_pico_ports result: ['COM11', 'COM3', 'COM4', 'COM5', 'COM6', 'COM7', 'COM8']
[DEBUG 2026-07-22 18:28:18] mpremote run: C:\Users\devil\AppData\Local\Microsoft\WindowsApps\PythonSoftwareFoundation.Python.3.12_qbz5n2kfra8p0\python.exe -m mpremote connect COM11 soft-reset timeout=20
[DEBUG 2026-07-22 18:28:18] mpremote ok: C:\Users\devil\AppData\Local\Microsoft\WindowsApps\PythonSoftwareFoundation.Python.3.12_qbz5n2kfra8p0\python.exe -m mpremote connect COM11 soft-reset stdout= stderr=
[DEBUG 2026-07-22 18:28:18] mpremote run: C:\Users\devil\AppData\Local\Microsoft\WindowsApps\PythonSoftwareFoundation.Python.3.12_qbz5n2kfra8p0\python.exe -m mpremote connect COM11 run C:\Users\devil\AppData\Local\Temp\tmp7e0vctes.py timeout=240
[DEBUG 2026-07-22 18:28:23] mpremote ok: C:\Users\devil\AppData\Local\Microsoft\WindowsApps\PythonSoftwareFoundation.Python.3.12_qbz5n2kfra8p0\python.exe -m mpremote connect COM11 run C:\Users\devil\AppData\Local\Temp\tmp7e0vctes.py stdout=SERIAL_APPLY_OK:boot.py,recovery.py,hotspot_common.py,boot_runtime.py,main.py,index.html,admin_dashboard.html,admin_update.html,admin_simulate.html,admin_profiles.html,admin_system.html
SERIAL_NEEDS_RESTART:1
 stderr=
[DEBUG 2026-07-22 18:28:23] unpack succeeded on COM11
[DEBUG 2026-07-22 18:28:23] triggering post-unpack reset on COM11
[DEBUG 2026-07-22 18:28:23] mpremote run: C:\Users\devil\AppData\Local\Microsoft\WindowsApps\PythonSoftwareFoundation.Python.3.12_qbz5n2kfra8p0\python.exe -m mpremote connect COM11 exec import machine; machine.reset() timeout=20
[DEBUG 2026-07-22 18:28:34] mpremote error: C:\Users\devil\AppData\Local\Microsoft\WindowsApps\PythonSoftwareFoundation.Python.3.12_qbz5n2kfra8p0\python.exe -m mpremote connect COM11 exec import machine; machine.reset() rc=1 raw=Traceback (most recent call last):
  File "<frozen runpy>", line 198, in _run_module_as_main
  File "<frozen runpy>", line 88, in _run_code
  File "C:\Users\devil\AppData\Local\Packages\PythonSoftwareFoundation.Python.3.12_qbz5n2kfra8p0\LocalCache\local-packages\Python312\site-packages\mpremote\__main__.py", line 6, in <module>
    sys.exit(main.main())
             ^^^^^^^^^^^
  File "C:\Users\devil\AppData\Local\Packages\PythonSoftwareFoundation.Python.3.12_qbz5n2kfra8p0\LocalCache\local-packages\Python312\site-packages\mpremote\main.py", line 614, in main
    handler_func(state, args)
  File "C:\Users\devil\AppData\Local\Packages\PythonSoftwareFoundation.Python.3.12_qbz5n2kfra8p0\LocalCache\local-packages\Python312\site-packages\mpremote\commands.py", line 500, in do_exec
    _do_execbuffer(state, args.expr[0], args.follow)
  File "C:\Users\devil\AppData\Local\Packages\PythonSoftwareFoundation.Python.3.12_qbz5n2kfra8p0\LocalCache\local-packages\Python312\site-packages\mpremote\commands.py", line 483, in _do_execbuffer
    state.ensure_raw_repl()
  File "C:\Users\devil\AppData\Local\Packages\PythonSoftwareFoundation.Python.3.12_qbz5n2kfra8p0\LocalCache\local-packages\Python312\site-packages\mpremote\main.py", line 551, in ensure_raw_repl
    self.transport.enter_raw_repl(soft_reset=soft_reset)
  File "C:\Users\devil\AppData\Local\Packages\PythonSoftwareFoundation.Python.3.12_qbz5n2kfra8p0\LocalCache\local-packages\Python312\site-packages\mpremote\transport_serial.py", line 194, in enter_raw_repl
    raise TransportError("could not enter raw repl")
mpremote.transport.TransportError: could not enter raw repl
[DEBUG 2026-07-22 18:28:34] post-unpack reset connection ended on COM11:     handler_func(state, args)
  File "C:\Users\devil\AppData\Local\Packages\PythonSoftwareFoundation.Python.3.12_qbz5n2kfra8p0\LocalCache\local-packages\Python312\site-packages\mpremote\commands.py", line 500, in do_exec
    _do_execbuffer(state, args.expr[0], args.follow)
  File "C:\Users\devil\AppData\Local\Packages\PythonSoftwareFoundation.Python.3.12_qbz5n2kfra8p0\LocalCache\local-packages\Python312\site-packages\mpremote\commands.py", line 483, in _do_execbuffer
    state.ensure_raw_repl()
  File "C:\Users\devil\AppData\Local\Packages\PythonSoftwareFoundation.Python.3.12_qbz5n2kfra8p0\LocalCache\local-packages\Python312\site-packages\mpremote\main.py", line 551, in ensure_raw_repl
    self.transport.enter_raw_repl(soft_reset=soft_reset)
  File "C:\Users\devil\AppData\Local\Packages\Py...<truncated>
[DEBUG 2026-07-22 18:28:34] upload_bundle_via_serial done: port=COM11
[DEBUG 2026-07-22 18:38:56] GUI scan_files triggered
[DEBUG 2026-07-22 18:38:58] GUI start_serial_upload called: bundle_path=c:\Users\devil\Documents\GitHub\FPV_Gamification_Pico\firmware.nbo
[DEBUG 2026-07-22 18:38:58] GUI serial_upload_worker start: bundle_path=c:\Users\devil\Documents\GitHub\FPV_Gamification_Pico\firmware.nbo
[DEBUG 2026-07-22 18:38:58] upload_bundle_via_serial start: bundle_path=c:\Users\devil\Documents\GitHub\FPV_Gamification_Pico\firmware.nbo
[DEBUG 2026-07-22 18:38:58] mpremote candidate test: C:\Users\devil\AppData\Local\Microsoft\WindowsApps\PythonSoftwareFoundation.Python.3.12_qbz5n2kfra8p0\python.exe -m mpremote
[DEBUG 2026-07-22 18:38:59] mpremote command selected: C:\Users\devil\AppData\Local\Microsoft\WindowsApps\PythonSoftwareFoundation.Python.3.12_qbz5n2kfra8p0\python.exe -m mpremote
[DEBUG 2026-07-22 18:38:59] auto_detect_pico_ports start
[DEBUG 2026-07-22 18:38:59] mpremote run: C:\Users\devil\AppData\Local\Microsoft\WindowsApps\PythonSoftwareFoundation.Python.3.12_qbz5n2kfra8p0\python.exe -m mpremote connect list timeout=15
[DEBUG 2026-07-22 18:38:59] mpremote ok: C:\Users\devil\AppData\Local\Microsoft\WindowsApps\PythonSoftwareFoundation.Python.3.12_qbz5n2kfra8p0\python.exe -m mpremote connect list stdout=COM3 None 0000:0000 Microsoft None
COM4 None 0000:0000 Microsoft None
COM5 None 0000:0000 Microsoft None
COM6 None 0000:0000 Microsoft None
COM7 None 0000:0000 Microsoft None
COM8 None 0000:0000 Microsoft None
COM11 E66141024B63C436 2e8a:0005 Microsoft None
 stderr=
[DEBUG 2026-07-22 18:38:59] system serial ports: ['COM4', 'COM3', 'COM5', 'COM6', 'COM7', 'COM8', 'COM11']
[DEBUG 2026-07-22 18:38:59] auto_detect_pico_ports result: ['COM11', 'COM3', 'COM4', 'COM5', 'COM6', 'COM7', 'COM8']
[DEBUG 2026-07-22 18:39:00] probe port start: COM11
[DEBUG 2026-07-22 18:39:00] mpremote run: C:\Users\devil\AppData\Local\Microsoft\WindowsApps\PythonSoftwareFoundation.Python.3.12_qbz5n2kfra8p0\python.exe -m mpremote connect COM11 exec print('PICO_OK') timeout=8
[DEBUG 2026-07-22 18:39:00] mpremote ok: C:\Users\devil\AppData\Local\Microsoft\WindowsApps\PythonSoftwareFoundation.Python.3.12_qbz5n2kfra8p0\python.exe -m mpremote connect COM11 exec print('PICO_OK') stdout=PICO_OK
 stderr=
[DEBUG 2026-07-22 18:39:00] probe port result: COM11 ok=True
[DEBUG 2026-07-22 18:39:00] probe selected port: COM11
[DEBUG 2026-07-22 18:39:00] mpremote run: C:\Users\devil\AppData\Local\Microsoft\WindowsApps\PythonSoftwareFoundation.Python.3.12_qbz5n2kfra8p0\python.exe -m mpremote connect COM11 cp c:\Users\devil\Documents\GitHub\FPV_Gamification_Pico\firmware.nbo :firmware.nbo timeout=240
[DEBUG 2026-07-22 18:39:12] mpremote ok: C:\Users\devil\AppData\Local\Microsoft\WindowsApps\PythonSoftwareFoundation.Python.3.12_qbz5n2kfra8p0\python.exe -m mpremote connect COM11 cp c:\Users\devil\Documents\GitHub\FPV_Gamification_Pico\firmware.nbo :firmware.nbo stdout=cp c:\Users\devil\Documents\GitHub\FPV_Gamification_Pico\firmware.nbo :firmware.nbo
 stderr=
[DEBUG 2026-07-22 18:39:12] bundle copied to COM11 at :firmware.nbo
[DEBUG 2026-07-22 18:39:12] auto_detect_pico_ports start
[DEBUG 2026-07-22 18:39:12] mpremote run: C:\Users\devil\AppData\Local\Microsoft\WindowsApps\PythonSoftwareFoundation.Python.3.12_qbz5n2kfra8p0\python.exe -m mpremote connect list timeout=15
[DEBUG 2026-07-22 18:39:13] mpremote ok: C:\Users\devil\AppData\Local\Microsoft\WindowsApps\PythonSoftwareFoundation.Python.3.12_qbz5n2kfra8p0\python.exe -m mpremote connect list stdout=COM3 None 0000:0000 Microsoft None
COM4 None 0000:0000 Microsoft None
COM5 None 0000:0000 Microsoft None
COM6 None 0000:0000 Microsoft None
COM7 None 0000:0000 Microsoft None
COM8 None 0000:0000 Microsoft None
COM11 E66141024B63C436 2e8a:0005 Microsoft None
 stderr=
[DEBUG 2026-07-22 18:39:13] system serial ports: ['COM4', 'COM3', 'COM5', 'COM6', 'COM7', 'COM8', 'COM11']
[DEBUG 2026-07-22 18:39:13] auto_detect_pico_ports result: ['COM11', 'COM3', 'COM4', 'COM5', 'COM6', 'COM7', 'COM8']
[DEBUG 2026-07-22 18:39:13] mpremote run: C:\Users\devil\AppData\Local\Microsoft\WindowsApps\PythonSoftwareFoundation.Python.3.12_qbz5n2kfra8p0\python.exe -m mpremote connect COM11 soft-reset timeout=20
[DEBUG 2026-07-22 18:39:14] mpremote ok: C:\Users\devil\AppData\Local\Microsoft\WindowsApps\PythonSoftwareFoundation.Python.3.12_qbz5n2kfra8p0\python.exe -m mpremote connect COM11 soft-reset stdout= stderr=
[DEBUG 2026-07-22 18:39:14] mpremote run: C:\Users\devil\AppData\Local\Microsoft\WindowsApps\PythonSoftwareFoundation.Python.3.12_qbz5n2kfra8p0\python.exe -m mpremote connect COM11 run C:\Users\devil\AppData\Local\Temp\tmp6yj0kvd2.py timeout=240
[DEBUG 2026-07-22 18:39:17] mpremote ok: C:\Users\devil\AppData\Local\Microsoft\WindowsApps\PythonSoftwareFoundation.Python.3.12_qbz5n2kfra8p0\python.exe -m mpremote connect COM11 run C:\Users\devil\AppData\Local\Temp\tmp6yj0kvd2.py stdout=SERIAL_APPLY_OK:boot.py,recovery.py,hotspot_common.py,boot_runtime.py,main.py,index.html,admin_dashboard.html,admin_update.html,admin_simulate.html,admin_profiles.html,admin_system.html
SERIAL_NEEDS_RESTART:1
 stderr=
[DEBUG 2026-07-22 18:39:17] unpack succeeded on COM11
[DEBUG 2026-07-22 18:39:17] triggering post-unpack reset on COM11
[DEBUG 2026-07-22 18:39:17] mpremote run: C:\Users\devil\AppData\Local\Microsoft\WindowsApps\PythonSoftwareFoundation.Python.3.12_qbz5n2kfra8p0\python.exe -m mpremote connect COM11 exec import machine; machine.reset() timeout=20
[DEBUG 2026-07-22 18:39:27] mpremote error: C:\Users\devil\AppData\Local\Microsoft\WindowsApps\PythonSoftwareFoundation.Python.3.12_qbz5n2kfra8p0\python.exe -m mpremote connect COM11 exec import machine; machine.reset() rc=1 raw=Traceback (most recent call last):
  File "<frozen runpy>", line 198, in _run_module_as_main
  File "<frozen runpy>", line 88, in _run_code
  File "C:\Users\devil\AppData\Local\Packages\PythonSoftwareFoundation.Python.3.12_qbz5n2kfra8p0\LocalCache\local-packages\Python312\site-packages\mpremote\__main__.py", line 6, in <module>
    sys.exit(main.main())
             ^^^^^^^^^^^
  File "C:\Users\devil\AppData\Local\Packages\PythonSoftwareFoundation.Python.3.12_qbz5n2kfra8p0\LocalCache\local-packages\Python312\site-packages\mpremote\main.py", line 614, in main
    handler_func(state, args)
  File "C:\Users\devil\AppData\Local\Packages\PythonSoftwareFoundation.Python.3.12_qbz5n2kfra8p0\LocalCache\local-packages\Python312\site-packages\mpremote\commands.py", line 500, in do_exec
    _do_execbuffer(state, args.expr[0], args.follow)
  File "C:\Users\devil\AppData\Local\Packages\PythonSoftwareFoundation.Python.3.12_qbz5n2kfra8p0\LocalCache\local-packages\Python312\site-packages\mpremote\commands.py", line 483, in _do_execbuffer
    state.ensure_raw_repl()
  File "C:\Users\devil\AppData\Local\Packages\PythonSoftwareFoundation.Python.3.12_qbz5n2kfra8p0\LocalCache\local-packages\Python312\site-packages\mpremote\main.py", line 551, in ensure_raw_repl
    self.transport.enter_raw_repl(soft_reset=soft_reset)
  File "C:\Users\devil\AppData\Local\Packages\PythonSoftwareFoundation.Python.3.12_qbz5n2kfra8p0\LocalCache\local-packages\Python312\site-packages\mpremote\transport_serial.py", line 194, in enter_raw_repl
    raise TransportError("could not enter raw repl")
mpremote.transport.TransportError: could not enter raw repl
[DEBUG 2026-07-22 18:39:27] post-unpack reset connection ended on COM11:     handler_func(state, args)
  File "C:\Users\devil\AppData\Local\Packages\PythonSoftwareFoundation.Python.3.12_qbz5n2kfra8p0\LocalCache\local-packages\Python312\site-packages\mpremote\commands.py", line 500, in do_exec
    _do_execbuffer(state, args.expr[0], args.follow)
  File "C:\Users\devil\AppData\Local\Packages\PythonSoftwareFoundation.Python.3.12_qbz5n2kfra8p0\LocalCache\local-packages\Python312\site-packages\mpremote\commands.py", line 483, in _do_execbuffer
    state.ensure_raw_repl()
  File "C:\Users\devil\AppData\Local\Packages\PythonSoftwareFoundation.Python.3.12_qbz5n2kfra8p0\LocalCache\local-packages\Python312\site-packages\mpremote\main.py", line 551, in ensure_raw_repl
    self.transport.enter_raw_repl(soft_reset=soft_reset)
  File "C:\Users\devil\AppData\Local\Packages\Py...<truncated>
[DEBUG 2026-07-22 18:39:27] upload_bundle_via_serial done: port=COM11
[DEBUG 2026-07-22 18:41:00] GUI scan_files triggered
[DEBUG 2026-07-22 18:41:02] GUI scan_files triggered
[DEBUG 2026-07-22 18:41:04] GUI start_build called: output_path=c:\Users\devil\Documents\GitHub\FPV_Gamification_Pico\firmware.nbo
[DEBUG 2026-07-22 18:41:04] GUI build_worker start: output_path=c:\Users\devil\Documents\GitHub\FPV_Gamification_Pico\firmware.nbo include_boot_stack=False
[DEBUG 2026-07-22 18:41:04] build_bundle start: source_dir=c:\Users\devil\Documents\GitHub\FPV_Gamification_Pico output_path=c:\Users\devil\Documents\GitHub\FPV_Gamification_Pico\firmware.nbo
[DEBUG 2026-07-22 18:41:04] build_bundle mode: include_boot_stack=False files=['main.py', 'index.html', 'admin_dashboard.html', 'admin_update.html', 'admin_simulate.html', 'admin_profiles.html', 'admin_system.html']
[DEBUG 2026-07-22 18:41:04] build_bundle done: included=7 total_bytes=125897
[DEBUG 2026-07-22 18:41:07] GUI start_serial_upload called: bundle_path=c:\Users\devil\Documents\GitHub\FPV_Gamification_Pico\firmware.nbo
[DEBUG 2026-07-22 18:41:07] GUI serial_upload_worker start: bundle_path=c:\Users\devil\Documents\GitHub\FPV_Gamification_Pico\firmware.nbo
[DEBUG 2026-07-22 18:41:07] upload_bundle_via_serial start: bundle_path=c:\Users\devil\Documents\GitHub\FPV_Gamification_Pico\firmware.nbo
[DEBUG 2026-07-22 18:41:07] mpremote candidate test: C:\Users\devil\AppData\Local\Microsoft\WindowsApps\PythonSoftwareFoundation.Python.3.12_qbz5n2kfra8p0\python.exe -m mpremote
[DEBUG 2026-07-22 18:41:08] mpremote command selected: C:\Users\devil\AppData\Local\Microsoft\WindowsApps\PythonSoftwareFoundation.Python.3.12_qbz5n2kfra8p0\python.exe -m mpremote
[DEBUG 2026-07-22 18:41:08] auto_detect_pico_ports start
[DEBUG 2026-07-22 18:41:08] mpremote run: C:\Users\devil\AppData\Local\Microsoft\WindowsApps\PythonSoftwareFoundation.Python.3.12_qbz5n2kfra8p0\python.exe -m mpremote connect list timeout=15
[DEBUG 2026-07-22 18:41:08] mpremote ok: C:\Users\devil\AppData\Local\Microsoft\WindowsApps\PythonSoftwareFoundation.Python.3.12_qbz5n2kfra8p0\python.exe -m mpremote connect list stdout=COM3 None 0000:0000 Microsoft None
COM4 None 0000:0000 Microsoft None
COM5 None 0000:0000 Microsoft None
COM6 None 0000:0000 Microsoft None
COM7 None 0000:0000 Microsoft None
COM8 None 0000:0000 Microsoft None
COM11 E66141024B63C436 2e8a:0005 Microsoft None
 stderr=
[DEBUG 2026-07-22 18:41:08] system serial ports: ['COM4', 'COM3', 'COM5', 'COM6', 'COM7', 'COM8', 'COM11']
[DEBUG 2026-07-22 18:41:08] auto_detect_pico_ports result: ['COM11', 'COM3', 'COM4', 'COM5', 'COM6', 'COM7', 'COM8']
[DEBUG 2026-07-22 18:41:08] probe port start: COM11
[DEBUG 2026-07-22 18:41:08] mpremote run: C:\Users\devil\AppData\Local\Microsoft\WindowsApps\PythonSoftwareFoundation.Python.3.12_qbz5n2kfra8p0\python.exe -m mpremote connect COM11 exec print('PICO_OK') timeout=8
[DEBUG 2026-07-22 18:41:09] mpremote ok: C:\Users\devil\AppData\Local\Microsoft\WindowsApps\PythonSoftwareFoundation.Python.3.12_qbz5n2kfra8p0\python.exe -m mpremote connect COM11 exec print('PICO_OK') stdout=PICO_OK
 stderr=
[DEBUG 2026-07-22 18:41:09] probe port result: COM11 ok=True
[DEBUG 2026-07-22 18:41:09] probe selected port: COM11
[DEBUG 2026-07-22 18:41:09] mpremote run: C:\Users\devil\AppData\Local\Microsoft\WindowsApps\PythonSoftwareFoundation.Python.3.12_qbz5n2kfra8p0\python.exe -m mpremote connect COM11 cp c:\Users\devil\Documents\GitHub\FPV_Gamification_Pico\firmware.nbo :firmware.nbo timeout=240
[DEBUG 2026-07-22 18:41:18] mpremote ok: C:\Users\devil\AppData\Local\Microsoft\WindowsApps\PythonSoftwareFoundation.Python.3.12_qbz5n2kfra8p0\python.exe -m mpremote connect COM11 cp c:\Users\devil\Documents\GitHub\FPV_Gamification_Pico\firmware.nbo :firmware.nbo stdout=cp c:\Users\devil\Documents\GitHub\FPV_Gamification_Pico\firmware.nbo :firmware.nbo
 stderr=
[DEBUG 2026-07-22 18:41:18] bundle copied to COM11 at :firmware.nbo
[DEBUG 2026-07-22 18:41:18] auto_detect_pico_ports start
[DEBUG 2026-07-22 18:41:18] mpremote run: C:\Users\devil\AppData\Local\Microsoft\WindowsApps\PythonSoftwareFoundation.Python.3.12_qbz5n2kfra8p0\python.exe -m mpremote connect list timeout=15
[DEBUG 2026-07-22 18:41:19] mpremote ok: C:\Users\devil\AppData\Local\Microsoft\WindowsApps\PythonSoftwareFoundation.Python.3.12_qbz5n2kfra8p0\python.exe -m mpremote connect list stdout=COM3 None 0000:0000 Microsoft None
COM4 None 0000:0000 Microsoft None
COM5 None 0000:0000 Microsoft None
COM6 None 0000:0000 Microsoft None
COM7 None 0000:0000 Microsoft None
COM8 None 0000:0000 Microsoft None
COM11 E66141024B63C436 2e8a:0005 Microsoft None
 stderr=
[DEBUG 2026-07-22 18:41:19] system serial ports: ['COM4', 'COM3', 'COM5', 'COM6', 'COM7', 'COM8', 'COM11']
[DEBUG 2026-07-22 18:41:19] auto_detect_pico_ports result: ['COM11', 'COM3', 'COM4', 'COM5', 'COM6', 'COM7', 'COM8']
[DEBUG 2026-07-22 18:41:19] mpremote run: C:\Users\devil\AppData\Local\Microsoft\WindowsApps\PythonSoftwareFoundation.Python.3.12_qbz5n2kfra8p0\python.exe -m mpremote connect COM11 soft-reset timeout=20
[DEBUG 2026-07-22 18:41:19] mpremote ok: C:\Users\devil\AppData\Local\Microsoft\WindowsApps\PythonSoftwareFoundation.Python.3.12_qbz5n2kfra8p0\python.exe -m mpremote connect COM11 soft-reset stdout= stderr=
[DEBUG 2026-07-22 18:41:19] mpremote run: C:\Users\devil\AppData\Local\Microsoft\WindowsApps\PythonSoftwareFoundation.Python.3.12_qbz5n2kfra8p0\python.exe -m mpremote connect COM11 run C:\Users\devil\AppData\Local\Temp\tmpefbb1ul9.py timeout=240
[DEBUG 2026-07-22 18:41:22] mpremote ok: C:\Users\devil\AppData\Local\Microsoft\WindowsApps\PythonSoftwareFoundation.Python.3.12_qbz5n2kfra8p0\python.exe -m mpremote connect COM11 run C:\Users\devil\AppData\Local\Temp\tmpefbb1ul9.py stdout=SERIAL_APPLY_OK:main.py,index.html,admin_dashboard.html,admin_update.html,admin_simulate.html,admin_profiles.html,admin_system.html
SERIAL_NEEDS_RESTART:1
 stderr=
[DEBUG 2026-07-22 18:41:22] unpack succeeded on COM11
[DEBUG 2026-07-22 18:41:22] triggering post-unpack reset on COM11
[DEBUG 2026-07-22 18:41:22] mpremote run: C:\Users\devil\AppData\Local\Microsoft\WindowsApps\PythonSoftwareFoundation.Python.3.12_qbz5n2kfra8p0\python.exe -m mpremote connect COM11 exec import machine; machine.reset() timeout=20
[DEBUG 2026-07-22 18:41:23] mpremote error: C:\Users\devil\AppData\Local\Microsoft\WindowsApps\PythonSoftwareFoundation.Python.3.12_qbz5n2kfra8p0\python.exe -m mpremote connect COM11 exec import machine; machine.reset() rc=1 raw=Traceback (most recent call last):
  File "<frozen runpy>", line 198, in _run_module_as_main
  File "<frozen runpy>", line 88, in _run_code
  File "C:\Users\devil\AppData\Local\Packages\PythonSoftwareFoundation.Python.3.12_qbz5n2kfra8p0\LocalCache\local-packages\Python312\site-packages\mpremote\__main__.py", line 6, in <module>
    sys.exit(main.main())
             ^^^^^^^^^^^
  File "C:\Users\devil\AppData\Local\Packages\PythonSoftwareFoundation.Python.3.12_qbz5n2kfra8p0\LocalCache\local-packages\Python312\site-packages\mpremote\main.py", line 614, in main
    handler_func(state, args)
  File "C:\Users\devil\AppData\Local\Packages\PythonSoftwareFoundation.Python.3.12_qbz5n2kfra8p0\LocalCache\local-packages\Python312\site-packages\mpremote\commands.py", line 500, in do_exec
    _do_execbuffer(state, args.expr[0], args.follow)
  File "C:\Users\devil\AppData\Local\Packages\PythonSoftwareFoundation.Python.3.12_qbz5n2kfra8p0\LocalCache\local-packages\Python312\site-packages\mpremote\commands.py", line 489, in _do_execbuffer
    ret, ret_err = state.transport.follow(timeout=None, data_consumer=stdout_write_bytes)
                   ^^^^^^^^^^^^^^^^^^^^^^^^^^^^^^^^^^^^^^^^^^^^^^^^^^^^^^^^^^^^^^^^^^^^^^
  File "C:\Users\devil\AppData\Local\Packages\PythonSoftwareFoundation.Python.3.12_qbz5n2kfra8p0\LocalCache\local-packages\Python312\site-packages\mpremote\transport_serial.py", line 204, in follow
    data = self.read_until(1, b"\x04", timeout=timeout, data_consumer=data_consumer)
           ^^^^^^^^^^^^^^^^^^^^^^^^^^^^^^^^^^^^^^^^^^^^^^^^^^^^^^^^^^^^^^^^^^^^^^^^^
  File "C:\Users\devil\AppData\Local\Packages\PythonSoftwareFoundation.Python.3.12_qbz5n2kfra8p0\LocalCache\local-packages\Python312\site-packages\mpremote\transport_serial.py", line 143, in read_until
    elif self.serial.inWaiting() > 0:
         ^^^^^^^^^^^^^^^^^^^^^^^
  File "C:\Users\devil\AppData\Local\Packages\PythonSoftwareFoundation.Python.3.12_qbz5n2kfra8p0\LocalCache\local-packages\Python312\site-pack...<truncated>
[DEBUG 2026-07-22 18:41:23] post-unpack reset connection ended on COM11: Serieller COM-Port ist blockiert oder kein gueltiger Pico-Port. Bitte Thonny/Serial-Monitor schliessen, USB kurz neu verbinden und erneut versuchen.
[DEBUG 2026-07-22 18:41:23] upload_bundle_via_serial done: port=COM11
